Component: ARM Compiler 5.06 update 6 (build 750) Tool: armlink [4d35ed]

==============================================================================

Section Cross References

    isr.o(i.DMA1_Channel1_IRQHandler) refers to hal_dma.o(i.DMA_GetFlagStatus) for DMA_GetFlagStatus
    isr.o(i.DMA1_Channel1_IRQHandler) refers to hal_dma.o(i.DMA_ClearFlag) for DMA_ClearFlag
    isr.o(i.DMA1_Channel2_3_IRQHandler) refers to hal_dma.o(i.DMA_GetFlagStatus) for DMA_GetFlagStatus
    isr.o(i.DMA1_Channel2_3_IRQHandler) refers to hal_dma.o(i.DMA_ClearFlag) for DMA_ClearFlag
    isr.o(i.DMA1_Channel3_IRQHandler) refers to hal_dma.o(i.DMA_GetFlagStatus) for DMA_GetFlagStatus
    isr.o(i.DMA1_Channel3_IRQHandler) refers to hal_dma.o(i.DMA_ClearFlag) for DMA_ClearFlag
    isr.o(i.DMA1_Channel4_IRQHandler) refers to hal_dma.o(i.DMA_GetFlagStatus) for DMA_GetFlagStatus
    isr.o(i.DMA1_Channel4_IRQHandler) refers to hal_dma.o(i.DMA_ClearFlag) for DMA_ClearFlag
    isr.o(i.DMA1_Channel4_IRQHandler) refers to seekfree_7725.o(i.ov7725_dma) for ov7725_dma
    isr.o(i.DMA1_Channel4_IRQHandler) refers to seekfree_uart_7725.o(i.ov7725_uart_dma) for ov7725_uart_dma
    isr.o(i.DMA1_Channel4_IRQHandler) refers to seekfree_mt9v03x.o(i.mt9v03x_dma) for mt9v03x_dma
    isr.o(i.DMA1_Channel4_IRQHandler) refers to common.o(.data) for camera_type
    isr.o(i.DMA1_Channel5_IRQHandler) refers to hal_dma.o(i.DMA_GetFlagStatus) for DMA_GetFlagStatus
    isr.o(i.DMA1_Channel5_IRQHandler) refers to hal_dma.o(i.DMA_ClearFlag) for DMA_ClearFlag
    isr.o(i.DMA1_Channel6_IRQHandler) refers to hal_dma.o(i.DMA_GetFlagStatus) for DMA_GetFlagStatus
    isr.o(i.DMA1_Channel6_IRQHandler) refers to hal_dma.o(i.DMA_ClearFlag) for DMA_ClearFlag
    isr.o(i.DMA1_Channel7_IRQHandler) refers to hal_dma.o(i.DMA_GetFlagStatus) for DMA_GetFlagStatus
    isr.o(i.DMA1_Channel7_IRQHandler) refers to hal_dma.o(i.DMA_ClearFlag) for DMA_ClearFlag
    isr.o(i.DMA2_Channel1_IRQHandler) refers to hal_dma.o(i.DMA_GetFlagStatus) for DMA_GetFlagStatus
    isr.o(i.DMA2_Channel1_IRQHandler) refers to hal_dma.o(i.DMA_ClearFlag) for DMA_ClearFlag
    isr.o(i.DMA2_Channel2_3_IRQHandler) refers to hal_dma.o(i.DMA_GetFlagStatus) for DMA_GetFlagStatus
    isr.o(i.DMA2_Channel2_3_IRQHandler) refers to hal_dma.o(i.DMA_ClearFlag) for DMA_ClearFlag
    isr.o(i.DMA2_Channel3_IRQHandler) refers to hal_dma.o(i.DMA_GetFlagStatus) for DMA_GetFlagStatus
    isr.o(i.DMA2_Channel3_IRQHandler) refers to hal_dma.o(i.DMA_ClearFlag) for DMA_ClearFlag
    isr.o(i.DMA2_Channel4_IRQHandler) refers to hal_dma.o(i.DMA_GetFlagStatus) for DMA_GetFlagStatus
    isr.o(i.DMA2_Channel4_IRQHandler) refers to hal_dma.o(i.DMA_ClearFlag) for DMA_ClearFlag
    isr.o(i.DMA2_Channel5_IRQHandler) refers to hal_dma.o(i.DMA_GetFlagStatus) for DMA_GetFlagStatus
    isr.o(i.DMA2_Channel5_IRQHandler) refers to hal_dma.o(i.DMA_ClearFlag) for DMA_ClearFlag
    isr.o(i.EXTI0_IRQHandler) refers to hal_exti.o(i.EXTI_ClearFlag) for EXTI_ClearFlag
    isr.o(i.EXTI0_IRQHandler) refers to zf_gpio.o(i.gpio_get) for gpio_get
    isr.o(i.EXTI0_IRQHandler) refers to data.o(.data) for menu_pfc
    isr.o(i.EXTI15_10_IRQHandler) refers to hal_exti.o(i.EXTI_GetITStatus) for EXTI_GetITStatus
    isr.o(i.EXTI15_10_IRQHandler) refers to hal_exti.o(i.EXTI_ClearFlag) for EXTI_ClearFlag
    isr.o(i.EXTI15_10_IRQHandler) refers to zf_gpio.o(i.gpio_get) for gpio_get
    isr.o(i.EXTI15_10_IRQHandler) refers to data.o(.data) for menu_pfc
    isr.o(i.EXTI1_IRQHandler) refers to hal_exti.o(i.EXTI_ClearFlag) for EXTI_ClearFlag
    isr.o(i.EXTI1_IRQHandler) refers to zf_gpio.o(i.gpio_get) for gpio_get
    isr.o(i.EXTI1_IRQHandler) refers to data.o(.data) for menu_pfc
    isr.o(i.EXTI2_IRQHandler) refers to hal_exti.o(i.EXTI_ClearFlag) for EXTI_ClearFlag
    isr.o(i.EXTI2_IRQHandler) refers to zf_gpio.o(i.gpio_get) for gpio_get
    isr.o(i.EXTI2_IRQHandler) refers to data.o(.data) for menu_pfc
    isr.o(i.EXTI3_IRQHandler) refers to hal_exti.o(i.EXTI_ClearFlag) for EXTI_ClearFlag
    isr.o(i.EXTI3_IRQHandler) refers to zf_gpio.o(i.gpio_get) for gpio_get
    isr.o(i.EXTI3_IRQHandler) refers to data.o(.data) for menu_pfc
    isr.o(i.EXTI4_IRQHandler) refers to hal_exti.o(i.EXTI_ClearFlag) for EXTI_ClearFlag
    isr.o(i.EXTI9_5_IRQHandler) refers to hal_exti.o(i.EXTI_GetITStatus) for EXTI_GetITStatus
    isr.o(i.EXTI9_5_IRQHandler) refers to hal_exti.o(i.EXTI_ClearFlag) for EXTI_ClearFlag
    isr.o(i.EXTI9_5_IRQHandler) refers to seekfree_7725.o(i.ov7725_vsync) for ov7725_vsync
    isr.o(i.EXTI9_5_IRQHandler) refers to seekfree_uart_7725.o(i.ov7725_uart_vsync) for ov7725_uart_vsync
    isr.o(i.EXTI9_5_IRQHandler) refers to seekfree_mt9v03x.o(i.mt9v03x_vsync) for mt9v03x_vsync
    isr.o(i.EXTI9_5_IRQHandler) refers to common.o(.data) for camera_type
    isr.o(i.TIM2_IRQHandler) refers to eident.o(i.single_ch_filter) for single_ch_filter
    isr.o(i.TIM2_IRQHandler) refers to eident.o(i.adc_jug) for adc_jug
[...]
    ..\\..\\Libraries\\seekfree_peripheral\\SEEKFREE_ABSOLUTE_ENCODER.c 0x00000000   Number         0  seekfree_absolute_encoder.o ABSOLUTE
    ..\\..\\Libraries\\seekfree_peripheral\\SEEKFREE_FONT.c 0x00000000   Number         0  seekfree_font.o ABSOLUTE
    ..\\..\\Libraries\\seekfree_peripheral\\SEEKFREE_ICM20602.c 0x00000000   Number         0  seekfree_icm20602.o ABSOLUTE
    ..\\..\\Libraries\\seekfree_peripheral\\SEEKFREE_IIC.c 0x00000000   Number         0  seekfree_iic.o ABSOLUTE
    ..\\..\\Libraries\\seekfree_peripheral\\SEEKFREE_IPS114_SPI.c 0x00000000   Number         0  seekfree_ips114_spi.o ABSOLUTE
    ..\\..\\Libraries\\seekfree_peripheral\\SEEKFREE_IPS200_PARALLEL8.c 0x00000000   Number         0  seekfree_ips200_parallel8.o ABSOLUTE
    ..\\..\\Libraries\\seekfree_peripheral\\SEEKFREE_L3G4200D.c 0x00000000   Number         0  seekfree_l3g4200d.o ABSOLUTE
    ..\\..\\Libraries\\seekfree_peripheral\\SEEKFREE_MMA8451.c 0x00000000   Number         0  seekfree_mma8451.o ABSOLUTE
    ..\\..\\Libraries\\seekfree_peripheral\\SEEKFREE_MPU6050.c 0x00000000   Number         0  seekfree_mpu6050.o ABSOLUTE
    ..\\..\\Libraries\\seekfree_peripheral\\SEEKFREE_MT9V03X.c 0x00000000   Number         0  seekfree_mt9v03x.o ABSOLUTE
    ..\\..\\Libraries\\seekfree_peripheral\\SEEKFREE_OLED.c 0x00000000   Number         0  seekfree_oled.o ABSOLUTE
    ..\\..\\Libraries\\seekfree_peripheral\\SEEKFREE_TSL1401.c 0x00000000   Number         0  seekfree_tsl1401.o ABSOLUTE
    ..\\..\\Libraries\\seekfree_peripheral\\SEEKFREE_UART_7725.c 0x00000000   Number         0  seekfree_uart_7725.o ABSOLUTE
    ..\\..\\Libraries\\seekfree_peripheral\\SEEKFREE_VIRSCO.c 0x00000000   Number         0  seekfree_virsco.o ABSOLUTE
    ..\\..\\Libraries\\seekfree_peripheral\\SEEKFREE_WIRELESS.c 0x00000000   Number         0  seekfree_wireless.o ABSOLUTE
    ..\\CODE\\CAM.c                          0x00000000   Number         0  cam.o ABSOLUTE
    ..\\CODE\\Init.c                         0x00000000   Number         0  init.o ABSOLUTE
    ..\\CODE\\data.c                         0x00000000   Number         0  data.o ABSOLUTE
    ..\\CODE\\eident.c                       0x00000000   Number         0  eident.o ABSOLUTE
    ..\\CODE\\menu.c                         0x00000000   Number         0  menu.o ABSOLUTE
    ..\\CODE\\menu_2.c                       0x00000000   Number         0  menu_2.o ABSOLUTE
    ..\\CODE\\pid.c                          0x00000000   Number         0  pid.o ABSOLUTE
    ..\\USER\\src\\isr.c                     0x00000000   Number         0  isr.o ABSOLUTE
    ..\\USER\\src\\main.c                    0x00000000   Number         0  main.o ABSOLUTE
    cdcmple.s                                0x00000000   Number         0  cdcmple.o ABSOLUTE
    cdrcmple.s                               0x00000000   Number         0  cdrcmple.o ABSOLUTE
    cfrcmple.s                               0x00000000   Number         0  cfrcmple.o ABSOLUTE
    dc.s                                     0x00000000   Number         0  dc.o ABSOLUTE
    handlers.s                               0x00000000   Number         0  handlers.o ABSOLUTE
    init.s                                   0x00000000   Number         0  init.o ABSOLUTE
    RESET                                    0x08000000   Section      400  startup_mm32f327x_keil.o(RESET)
    .ARM.Collect$$$$00000000                 0x08000190   Section        0  entry.o(.ARM.Collect$$$$00000000)
    .ARM.Collect$$$$00000001                 0x08000190   Section        4  entry2.o(.ARM.Collect$$$$00000001)
    .ARM.Collect$$$$00000004                 0x08000194   Section        4  entry5.o(.ARM.Collect$$$$00000004)
    .ARM.Collect$$$$00000008                 0x08000198   Section        0  entry7b.o(.ARM.Collect$$$$00000008)
    .ARM.Collect$$$$0000000A                 0x08000198   Section        0  entry8b.o(.ARM.Collect$$$$0000000A)
    .ARM.Collect$$$$0000000B                 0x08000198   Section        8  entry9a.o(.ARM.Collect$$$$0000000B)
    .ARM.Collect$$$$0000000D                 0x080001a0   Section        0  entry10a.o(.ARM.Collect$$$$0000000D)
    .ARM.Collect$$$$0000000F                 0x080001a0   Section        0  entry11a.o(.ARM.Collect$$$$0000000F)
    .ARM.Collect$$$$00002712                 0x080001a0   Section        4  entry2.o(.ARM.Collect$$$$00002712)
    __lit__00000000                          0x080001a0   Data           4  entry2.o(.ARM.Collect$$$$00002712)
    .text                                    0x080001a4   Section       36  startup_mm32f327x_keil.o(.text)
    .text                                    0x080001c8   Section        0  memcpya.o(.text)
    .text                                    0x080001ec   Section        0  memseta.o(.text)
    .text                                    0x08000210   Section        0  fadd.o(.text)
    .text                                    0x080002c0   Section        0  fmul.o(.text)
    .text                                    0x08000324   Section        0  fdiv.o(.text)
    .text                                    0x080003a0   Section        0  dadd.o(.text)
    .text                                    0x080004ee   Section        0  dmul.o(.text)
    .text                                    0x080005d2   Section        0  fflti.o(.text)
    .text                                    0x080005e4   Section        0  ffltui.o(.text)
    .text                                    0x080005ee   Section        0  dflti.o(.text)
    .text                                    0x08000610   Section        0  ffixi.o(.text)
    .text                                    0x08000642   Section        0  dfixi.o(.text)
    .text                                    0x08000680   Section        0  f2d.o(.text)
    .text                                    0x080006a8   Section       48  cdcmple.o(.text)
    .text                                    0x080006d8   Section       48  cdrcmple.o(.text)
    .text                                    0x08000708   Section       20  cfrcmple.o(.text)
    .text                                    0x0800071c   Section        0  llshl.o(.text)
    .text                                    0x0800073a   Section        0  llushr.o(.text)
    .text                                    0x0800075a   Section        0  llsshr.o(.text)
    .text                                    0x0800077e   Section        0  iusefp.o(.text)
    .text                                    0x0800077e   Section        0  fepilogue.o(.text)
    .text                                    0x080007ec   Section        0  depilogue.o(.text)
    .text                                    0x080008a8   Section       36  init.o(.text)
    .text                                    0x080008cc   Section        0  __dczerorl2.o(.text)
    i.AutoCalPllFactor                       0x08000922   Section        0  system_mm32f327x.o(i.AutoCalPllFactor)
    i.BusFault_Handler                       0x08000988   Section        0  common.o(i.BusFault_Handler)
    i.DELAY_xUs                              0x0800098c   Section        0  system_mm32f327x.o(i.DELAY_xUs)
    DELAY_xUs                                0x0800098d   Thumb Code    68  system_mm32f327x.o(i.DELAY_xUs)
    i.DMA1_Channel1_IRQHandler               0x080009d0   Section        0  isr.o(i.DMA1_Channel1_IRQHandler)
    i.DMA1_Channel3_IRQHandler               0x080009e4   Section        0  isr.o(i.DMA1_Channel3_IRQHandler)
    i.DMA1_Channel4_IRQHandler               0x080009fc   Section        0  isr.o(i.DMA1_Channel4_IRQHandler)
    i.DMA1_Channel5_IRQHandler               0x08000a40   Section        0  isr.o(i.DMA1_Channel5_IRQHandler)
    i.DMA1_Channel6_IRQHandler               0x08000a56   Section        0  isr.o(i.DMA1_Channel6_IRQHandler)
    i.DMA1_Channel7_IRQHandler               0x08000a6c   Section        0  isr.o(i.DMA1_Channel7_IRQHandler)
    i.DMA2_Channel1_IRQHandler               0x08000a82   Section        0  isr.o(i.DMA2_Channel1_IRQHandler)
    i.DMA2_Channel3_IRQHandler               0x08000a96   Section        0  isr.o(i.DMA2_Channel3_IRQHandler)
    i.DMA2_Channel4_IRQHandler               0x08000aac   Section        0  isr.o(i.DMA2_Channel4_IRQHandler)
    i.DMA2_Channel5_IRQHandler               0x08000ac2   Section        0  isr.o(i.DMA2_Channel5_IRQHandler)
    i.DMA_ClearFlag                          0x08000ad8   Section        0  hal_dma.o(i.DMA_ClearFlag)
    i.DMA_Cmd                                0x08000af4   Section        0  hal_dma.o(i.DMA_Cmd)
    i.DMA_DeInit                             0x08000b00   Section        0  hal_dma.o(i.DMA_DeInit)
    i.DMA_GetFlagStatus                      0x08000b5c   Section        0  hal_dma.o(i.DMA_GetFlagStatus)
    i.DMA_ITConfig                           0x08000b8c   Section        0  hal_dma.o(i.DMA_ITConfig)
    i.DMA_Init                               0x08000b9e   Section        0  hal_dma.o(i.DMA_Init)
    i.DebugMon_Handler                       0x08000be4   Section        0  common.o(i.DebugMon_Handler)
    i.EXTI0_IRQHandler                       0x08000be8   Section        0  isr.o(i.EXTI0_IRQHandler)
    i.EXTI15_10_IRQHandler                   0x08000c14   Section        0  isr.o(i.EXTI15_10_IRQHandler)
    i.EXTI1_IRQHandler                       0x08000cc0   Section        0  isr.o(i.EXTI1_IRQHandler)
    i.EXTI2_IRQHandler                       0x08000cec   Section        0  isr.o(i.EXTI2_IRQHandler)
    i.EXTI3_IRQHandler                       0x08000d18   Section        0  isr.o(i.EXTI3_IRQHandler)
    i.EXTI4_IRQHandler                       0x08000d44   Section        0  isr.o(i.EXTI4_IRQHandler)
    i.EXTI9_5_IRQHandler                     0x08000d50   Section        0  isr.o(i.EXTI9_5_IRQHandler)
    i.EXTI_ClearFlag                         0x08000dd0   Section        0  hal_exti.o(i.EXTI_ClearFlag)
    i.EXTI_GetITStatus                       0x08000ddc   Section        0  hal_exti.o(i.EXTI_GetITStatus)
    i.EXTI_Init                              0x08000dfc   Section        0  hal_exti.o(i.EXTI_Init)
    i.EXTI_LineConfig                        0x08000ed4   Section        0  hal_exti.o(i.EXTI_LineConfig)
    i.EXTI_StructInit                        0x08000f10   Section        0  hal_exti.o(i.EXTI_StructInit)
    i.FSMC_NORSRAMB_BankStructInit           0x08000f20   Section        0  hal_fsmc.o(i.FSMC_NORSRAMB_BankStructInit)
    i.FSMC_NORSRAMInit                       0x08000f3c   Section        0  hal_fsmc.o(i.FSMC_NORSRAMInit)
    i.FSMC_NORSRAMStructInit                 0x08000f70   Section        0  hal_fsmc.o(i.FSMC_NORSRAMStructInit)
    i.FSMC_NORSRAM_Bank_Init                 0x08000f88   Section        0  hal_fsmc.o(i.FSMC_NORSRAM_Bank_Init)
    i.HardFault_Handler                      0x0800107c   Section        0  common.o(i.HardFault_Handler)
    i.Init_button                            0x08001080   Section        0  init.o(i.Init_button)
    i.Init_para                              0x080010cc   Section        0  data.o(i.Init_para)
    i.MemManage_Handler                      0x08001170   Section        0  common.o(i.MemManage_Handler)
    i.NMI_Handler                            0x08001174   Section        0  common.o(i.NMI_Handler)
    i.NVIC_Init                              0x08001178   Section        0  hal_misc.o(i.NVIC_Init)
    i.PendSV_Handler                         0x080011e4   Section        0  common.o(i.PendSV_Handler)
    i.RCC_AHB3PeriphClockCmd                 0x080011e8   Section        0  hal_rcc.o(i.RCC_AHB3PeriphClockCmd)
    i.RCC_AHBPeriphClockCmd                  0x08001208   Section        0  hal_rcc.o(i.RCC_AHBPeriphClockCmd)
    i.RCC_APB1PeriphClockCmd                 0x08001228   Section        0  hal_rcc.o(i.RCC_APB1PeriphClockCmd)
    i.RCC_APB2PeriphClockCmd                 0x08001248   Section        0  hal_rcc.o(i.RCC_APB2PeriphClockCmd)
    i.SVC_Handler                            0x08001268   Section        0  common.o(i.SVC_Handler)
    i.SetSysClock                            0x0800126c   Section        0  system_mm32f327x.o(i.SetSysClock)
    SetSysClock                              0x0800126d   Thumb Code     8  system_mm32f327x.o(i.SetSysClock)
    i.SetSysClockToXX                        0x08001274   Section        0  system_mm32f327x.o(i.SetSysClockToXX)
    SetSysClockToXX                          0x08001275   Thumb Code   396  system_mm32f327x.o(i.SetSysClockToXX)
    i.SystemInit                             0x08001424   Section        0  system_mm32f327x.o(i.SystemInit)
    i.TIM1_UP_IRQHandler                     0x08001488   Section        0  isr.o(i.TIM1_UP_IRQHandler)
    i.TIM2_IRQHandler                        0x0800149c   Section        0  isr.o(i.TIM2_IRQHandler)
    i.TIM3_IRQHandler                        0x08001550   Section        0  isr.o(i.TIM3_IRQHandler)
    i.TIM4_IRQHandler                        0x08001564   Section        0  isr.o(i.TIM4_IRQHandler)
    i.TIM5_IRQHandler                        0x08001578   Section        0  isr.o(i.TIM5_IRQHandler)
    i.TIM6_IRQHandler                        0x0800158c   Section        0  isr.o(i.TIM6_IRQHandler)
    i.TIM7_IRQHandler                        0x08001638   Section        0  isr.o(i.TIM7_IRQHandler)
    i.TIM8_UP_IRQHandler                     0x0800164c   Section        0  isr.o(i.TIM8_UP_IRQHandler)
    i.TIM_Cmd                                0x08001660   Section        0  hal_tim.o(i.TIM_Cmd)
    i.TIM_DMACmd                             0x08001676   Section        0  hal_tim.o(i.TIM_DMACmd)
    i.TIM_ETRClockMode1Config                0x08001688   Section        0  hal_tim.o(i.TIM_ETRClockMode1Config)
    i.TIM_ETRConfig                          0x080016a8   Section        0  hal_tim.o(i.TIM_ETRConfig)
    i.TIM_SelectInputTrigger                 0x080016d4   Section        0  hal_tim.o(i.TIM_SelectInputTrigger)
    i.TIM_SelectMasterSlaveMode              0x080016e0   Section        0  hal_tim.o(i.TIM_SelectMasterSlaveMode)
    i.TIM_SelectSlaveMode                    0x080016ec   Section        0  hal_tim.o(i.TIM_SelectSlaveMode)
    i.TIM_TimeBaseInit                       0x080016f8   Section        0  hal_tim.o(i.TIM_TimeBaseInit)
    i.UART1_IRQHandler                       0x08001770   Section        0  isr.o(i.UART1_IRQHandler)
    i.UART2_IRQHandler                       0x080017ac   Section        0  isr.o(i.UART2_IRQHandler)
    i.UART3_IRQHandler                       0x080017e8   Section        0  isr.o(i.UART3_IRQHandler)
    i.UART4_IRQHandler                       0x0800189c   Section        0  isr.o(i.UART4_IRQHandler)
    i.UART5_IRQHandler                       0x080018d8   Section        0  isr.o(i.UART5_IRQHandler)
    i.UART6_IRQHandler                       0x0800190c   Section        0  isr.o(i.UART6_IRQHandler)
    i.UART7_IRQHandler                       0x08001948   Section        0  isr.o(i.UART7_IRQHandler)
    i.UART8_IRQHandler                       0x08001984   Section        0  isr.o(i.UART8_IRQHandler)
    i.UsageFault_Handler                     0x080019e4   Section        0  common.o(i.UsageFault_Handler)
    i.__scatterload_copy                     0x080019e8   Section       14  handlers.o(i.__scatterload_copy)
    i.__scatterload_null                     0x080019f6   Section        2  handlers.o(i.__scatterload_null)
    i.__scatterload_zeroinit                 0x080019f8   Section       14  handlers.o(i.__scatterload_zeroinit)
    i.adc_convert                            0x08001a08   Section        0  zf_adc.o(i.adc_convert)
    i.adc_extreme                            0x08001a70   Section        0  eident.o(i.adc_extreme)
    i.adc_init                               0x08001abc   Section        0  zf_adc.o(i.adc_init)
    i.adc_jug                                0x08001bc0   Section        0  eident.o(i.adc_jug)
    i.adc_pin_init                           0x08001e68   Section        0  zf_adc.o(i.adc_pin_init)
    adc_pin_init                             0x08001e69   Thumb Code    26  zf_adc.o(i.adc_pin_init)
    i.adc_suminus                            0x08001e84   Section        0  eident.o(i.adc_suminus)
    i.afio_init                              0x08001fa0   Section        0  zf_gpio.o(i.afio_init)
    i.board_init                             0x08002084   Section        0  board.o(i.board_init)
    i.camera_dma_init                        0x0800209c   Section        0  zf_camera.o(i.camera_dma_init)
    i.camera_tim_etr_init                    0x08002118   Section        0  zf_camera.o(i.camera_tim_etr_init)
    i.core_select                            0x08002218   Section        0  init.o(i.core_select)
    i.cross_road                             0x08002280   Section        0  eident.o(i.cross_road)
    i.drawMidLine                            0x08002298   Section        0  cam.o(i.drawMidLine)
    i.eident_init                            0x080023f8   Section        0  init.o(i.eident_init)
    i.exti_interrupt_init                    0x08002474   Section        0  zf_exti.o(i.exti_interrupt_init)
    i.findLeftPoint                          0x08002548   Section        0  cam.o(i.findLeftPoint)
    i.findRightPoint                         0x08002704   Section        0  cam.o(i.findRightPoint)
    i.fixed_monitor                          0x080028a4   Section        0  menu_2.o(i.fixed_monitor)
    i.fsmc_init                              0x080029b0   Section        0  zf_fsmc.o(i.fsmc_init)
    i.get_config                             0x08002a08   Section        0  seekfree_mt9v03x.o(i.get_config)
    i.gpio_get                               0x08002a70   Section        0  zf_gpio.o(i.gpio_get)
    i.gpio_init                              0x08002a94   Section        0  zf_gpio.o(i.gpio_init)
    i.info                                   0x08002be0   Section        0  menu.o(i.info)
    info                                     0x08002be1   Thumb Code  1594  menu.o(i.info)
    i.info                                   0x08003220   Section        0  menu_2.o(i.info)
    info                                     0x08003221   Thumb Code  2598  menu_2.o(i.info)
    i.info_found                             0x08003c4c   Section        0  menu_2.o(i.info_found)
    info_found                               0x08003c4d   Thumb Code   474  menu_2.o(i.info_found)
    i.ips200_address_set                     0x08003f4c   Section        0  seekfree_ips200_parallel8.o(i.ips200_address_set)
    i.ips200_clear                           0x08003f82   Section        0  seekfree_ips200_parallel8.o(i.ips200_clear)
    i.ips200_display_chinese                 0x08003fb6   Section        0  seekfree_ips200_parallel8.o(i.ips200_display_chinese)
    i.ips200_displayimage032                 0x0800405a   Section        0  seekfree_ips200_parallel8.o(i.ips200_displayimage032)
    i.ips200_drawpoint                       0x080040e8   Section        0  seekfree_ips200_parallel8.o(i.ips200_drawpoint)
    i.ips200_init                            0x08004104   Section        0  seekfree_ips200_parallel8.o(i.ips200_init)
    i.ips200_showchar                        0x0800436c   Section        0  seekfree_ips200_parallel8.o(i.ips200_showchar)
    i.ips200_showfloat                       0x080043e4   Section        0  seekfree_ips200_parallel8.o(i.ips200_showfloat)
    i.ips200_showint16                       0x080044a0   Section        0  seekfree_ips200_parallel8.o(i.ips200_showint16)
    i.ips200_showstr                         0x0800455e   Section        0  seekfree_ips200_parallel8.o(i.ips200_showstr)
    i.ips200_showuint16                      0x0800458c   Section        0  seekfree_ips200_parallel8.o(i.ips200_showuint16)
    i.ips200_showuint8                       0x0800461c   Section        0  seekfree_ips200_parallel8.o(i.ips200_showuint8)
    i.ips200_w_data                          0x08004680   Section        0  seekfree_ips200_parallel8.o(i.ips200_w_data)
    i.ips200_wr_data                         0x0800468c   Section        0  seekfree_ips200_parallel8.o(i.ips200_wr_data)
    i.ips200_wr_data16                       0x080046cc   Section        0  seekfree_ips200_parallel8.o(i.ips200_wr_data16)
    i.ips200_wr_reg                          0x08004734   Section        0  seekfree_ips200_parallel8.o(i.ips200_wr_reg)
    i.main                                   0x08004774   Section        0  main.o(i.main)
    i.menu2_display                          0x080047e8   Section        0  menu_2.o(i.menu2_display)
    i.menu2_init                             0x08004cc0   Section        0  menu_2.o(i.menu2_init)
    i.menu2_select                           0x08004e38   Section        0  menu_2.o(i.menu2_select)
    i.menu2value                             0x080050c0   Section        0  menu_2.o(i.menu2value)
    menu2value                               0x080050c1   Thumb Code   130  menu_2.o(i.menu2value)
    i.menu2value_hl                          0x0800515c   Section        0  menu_2.o(i.menu2value_hl)
    i.menu2value_sup                         0x0800545c   Section        0  menu_2.o(i.menu2value_sup)
    menu2value_sup                           0x0800545d   Thumb Code   454  menu_2.o(i.menu2value_sup)
    i.menu_display                           0x08005664   Section        0  menu.o(i.menu_display)
    i.menu_limit                             0x080057bc   Section        0  menu.o(i.menu_limit)
    menu_limit                               0x080057bd   Thumb Code    64  menu.o(i.menu_limit)
    i.menu_select                            0x080057fc   Section        0  menu.o(i.menu_select)
    i.modify                                 0x080058cc   Section        0  menu_2.o(i.modify)
    modify                                   0x080058cd   Thumb Code   654  menu_2.o(i.modify)
    i.monitor                                0x08005b84   Section        0  menu_2.o(i.monitor)
    i.mt9v03x_dma                            0x08005c94   Section        0  seekfree_mt9v03x.o(i.mt9v03x_dma)
    i.mt9v03x_dma_init                       0x08005cb4   Section        0  seekfree_mt9v03x.o(i.mt9v03x_dma_init)
    i.mt9v03x_exti_init                      0x08005d04   Section        0  seekfree_mt9v03x.o(i.mt9v03x_exti_init)
    i.mt9v03x_init                           0x08005d2c   Section        0  seekfree_mt9v03x.o(i.mt9v03x_init)
    i.mt9v03x_tim1_etr_init                  0x08005da8   Section        0  seekfree_mt9v03x.o(i.mt9v03x_tim1_etr_init)
    i.mt9v03x_uart_callback                  0x08005db4   Section        0  seekfree_mt9v03x.o(i.mt9v03x_uart_callback)
    i.mt9v03x_vsync                          0x08005e08   Section        0  seekfree_mt9v03x.o(i.mt9v03x_vsync)
    i.number_conversion_ascii                0x08005e20   Section        0  seekfree_printf.o(i.number_conversion_ascii)
    i.nvic_init                              0x08005ea8   Section        0  common.o(i.nvic_init)
    i.otsu                                   0x08005ecc   Section        0  cam.o(i.otsu)
    i.ov7725_cof_uart_interrupt              0x080060b4   Section        0  seekfree_uart_7725.o(i.ov7725_cof_uart_interrupt)
    i.ov7725_dma                             0x08006108   Section        0  seekfree_7725.o(i.ov7725_dma)
    i.ov7725_uart_dma                        0x08006128   Section        0  seekfree_uart_7725.o(i.ov7725_uart_dma)
    i.ov7725_uart_vsync                      0x08006148   Section        0  seekfree_uart_7725.o(i.ov7725_uart_vsync)
    i.ov7725_vsync                           0x08006160   Section        0  seekfree_7725.o(i.ov7725_vsync)
    i.pos_pid                                0x08006178   Section        0  pid.o(i.pos_pid)
    i.printf_reverse_order                   0x080061e0   Section        0  seekfree_printf.o(i.printf_reverse_order)
    i.set_config                             0x08006204   Section        0  seekfree_mt9v03x.o(i.set_config)
    i.single_ch_filter                       0x0800627c   Section        0  eident.o(i.single_ch_filter)
    i.swdisplay                              0x08006340   Section        0  menu_2.o(i.swdisplay)
    i.swmode                                 0x0800655c   Section        0  menu_2.o(i.swmode)
    swmode                                   0x0800655d   Thumb Code   122  menu_2.o(i.swmode)
    i.systick_delay                          0x080065f0   Section        0  zf_systick.o(i.systick_delay)
    i.systick_delay_ms                       0x08006618   Section        0  zf_systick.o(i.systick_delay_ms)
    i.tim_interrupt_disabnle                 0x08006640   Section        0  zf_pit.o(i.tim_interrupt_disabnle)
    i.tim_interrupt_init                     0x08006664   Section        0  zf_pit.o(i.tim_interrupt_init)
    i.tim_interrupt_init_ms                  0x08006750   Section        0  zf_pit.o(i.tim_interrupt_init_ms)
    i.uart_getchar                           0x08006848   Section        0  zf_uart.o(i.uart_getchar)
    i.uart_init                              0x0800686c   Section        0  zf_uart.o(i.uart_init)
    i.uart_pin_init                          0x08006a00   Section        0  zf_uart.o(i.uart_pin_init)
    uart_pin_init                            0x08006a01   Thumb Code    36  zf_uart.o(i.uart_pin_init)
    i.uart_putbuff                           0x08006a24   Section        0  zf_uart.o(i.uart_putbuff)
    i.uart_putchar                           0x08006a54   Section        0  zf_uart.o(i.uart_putchar)
    i.uart_rx_irq                            0x08006a74   Section        0  zf_uart.o(i.uart_rx_irq)
    i.zf_sprintf                             0x08006ac0   Section        0  seekfree_printf.o(i.zf_sprintf)
    .constdata                               0x08006da4   Section     7048  seekfree_font.o(.constdata)
    .data                                    0x20000000   Section      110  data.o(.data)
    .data                                    0x2000006e   Section        6  eident.o(.data)
    ajug_sta_temp                            0x2000006e   Data           1  eident.o(.data)
    count_sta                                0x2000006f   Data           1  eident.o(.data)
    hold_jug                                 0x20000070   Data           1  eident.o(.data)
    hold_jug_temp                            0x20000071   Data           1  eident.o(.data)
    jug_count                                0x20000072   Data           2  eident.o(.data)
    .data                                    0x20000074   Section       60  menu_2.o(.data)
    .data                                    0x200000b0   Section        4  cam.o(.data)
    .data                                    0x200000b4   Section        8  common.o(.data)
    .data                                    0x200000bc   Section       20  system_mm32f327x.o(.data)
    .data                                    0x200000d0   Section       15  zf_adc.o(.data)
    .data                                    0x200000e0   Section       32  zf_gpio.o(.data)
    .data                                    0x20000100   Section       32  zf_tim.o(.data)
    .data                                    0x20000120   Section       40  zf_uart.o(.data)
    .data                                    0x20000148   Section        4  seekfree_7725.o(.data)
    ov7725_simiic_delay_time                 0x2000014a   Data           2  seekfree_7725.o(.data)
    .data                                    0x2000014c   Section        4  seekfree_ips200_parallel8.o(.data)
    .data                                    0x20000150   Section       74  seekfree_mt9v03x.o(.data)
    receive                                  0x20000151   Data           3  seekfree_mt9v03x.o(.data)
    receive_num                              0x20000154   Data           1  seekfree_mt9v03x.o(.data)
    uart_receive_flag                        0x20000155   Data           1  seekfree_mt9v03x.o(.data)
    .data                                    0x2000019a   Section       51  seekfree_uart_7725.o(.data)
    ov7725_uart_receive                      0x200001c8   Data           3  seekfree_uart_7725.o(.data)
    ov7725_uart_receive_num                  0x200001cb   Data           1  seekfree_uart_7725.o(.data)
    ov7725_uart_receive_flag                 0x200001cc   Data           1  seekfree_uart_7725.o(.data)
    .bss                                     0x200001d0   Section    16296  data.o(.bss)
    .bss                                     0x20004178   Section      320  cam.o(.bss)
    .bss                                     0x200042b8   Section    12800  seekfree_mt9v03x.o(.bss)
    STACK                                    0x200074b8   Section     1024  startup_mm32f327x_keil.o(STACK)

    Global Symbols

    Symbol Name                              Value     Ov Type        Size  Object(Section)

    BuildAttributes$$THM_ISAv4$P$D$K$B$S$PE$A:L22UL41UL21$X:L11$S22US41US21$IEEE1$IW$USESV6$~STKCKD$USESV7$~SHL$OTIME$ROPI$EBA8$MICROLIB$REQ8$PRES8$EABIv2 0x00000000   Number         0  anon$$obj.o ABSOLUTE
    __ARM_use_no_argv                        0x00000000   Number         0  main.o ABSOLUTE
    __cpp_initialize__aeabi_                  - Undefined Weak Reference
    __cxa_finalize                            - Undefined Weak Reference
    _clock_init                               - Undefined Weak Reference
    _microlib_exit                            - Undefined Weak Reference
    __Vectors_Size                           0x00000190   Number         0  startup_mm32f327x_keil.o ABSOLUTE
    __Vectors                                0x08000000   Data           4  startup_mm32f327x_keil.o(RESET)
    __Vectors_End                            0x08000190   Data           0  startup_mm32f327x_keil.o(RESET)
    __main                                   0x08000191   Thumb Code     0  entry.o(.ARM.Collect$$$$00000000)
    _main_stk                                0x08000191   Thumb Code     0  entry2.o(.ARM.Collect$$$$00000001)
    _main_scatterload                        0x08000195   Thumb Code     0  entry5.o(.ARM.Collect$$$$00000004)
    __main_after_scatterload                 0x08000199   Thumb Code     0  entry5.o(.ARM.Collect$$$$00000004)
    _main_clock                              0x08000199   Thumb Code     0  entry7b.o(.ARM.Collect$$$$00000008)
    _main_cpp_init                           0x08000199   Thumb Code     0  entry8b.o(.ARM.Collect$$$$0000000A)
    _main_init                               0x08000199   Thumb Code     0  entry9a.o(.ARM.Collect$$$$0000000B)
    __rt_final_cpp                           0x080001a1   Thumb Code     0  entry10a.o(.ARM.Collect$$$$0000000D)
    __rt_final_exit                          0x080001a1   Thumb Code     0  entry11a.o(.ARM.Collect$$$$0000000F)
    Reset_Handler                            0x080001a5   Thumb Code     8  startup_mm32f327x_keil.o(.text)
    SysTick_Handler                          0x080001bd   Thumb Code     2  startup_mm32f327x_keil.o(.text)
    ADC1_2_IRQHandler                        0x080001bf   Thumb Code     0  startup_mm32f327x_keil.o(.text)
    ADC3_IRQHandler                          0x080001bf   Thumb Code     0  startup_mm32f327x_keil.o(.text)
    CAN1_RX_IRQHandler                       0x080001bf   Thumb Code     0  startup_mm32f327x_keil.o(.text)
    COMP1_2_IRQHandler                       0x080001bf   Thumb Code     0  startup_mm32f327x_keil.o(.text)
    DMA1_Channel2_IRQHandler                 0x080001bf   Thumb Code     0  startup_mm32f327x_keil.o(.text)
    DMA2_Channel2_IRQHandler                 0x080001bf   Thumb Code     0  startup_mm32f327x_keil.o(.text)
    ETH_IRQHandler                           0x080001bf   Thumb Code     0  startup_mm32f327x_keil.o(.text)
    FLASH_IRQHandler                         0x080001bf   Thumb Code     0  startup_mm32f327x_keil.o(.text)
    FlashCache_IRQHandler                    0x080001bf   Thumb Code     0  startup_mm32f327x_keil.o(.text)
    I2C1_IRQHandler                          0x080001bf   Thumb Code     0  startup_mm32f327x_keil.o(.text)
    I2C2_IRQHandler                          0x080001bf   Thumb Code     0  startup_mm32f327x_keil.o(.text)
    OTG_FS_IRQHandler                        0x080001bf   Thumb Code     0  startup_mm32f327x_keil.o(.text)
    OTG_FS_WKUP_IRQHandler                   0x080001bf   Thumb Code     0  startup_mm32f327x_keil.o(.text)
    PVD_IRQHandler                           0x080001bf   Thumb Code     0  startup_mm32f327x_keil.o(.text)
    RCC_CRS_IRQHandler                       0x080001bf   Thumb Code     0  startup_mm32f327x_keil.o(.text)
    RTCAlarm_IRQHandler                      0x080001bf   Thumb Code     0  startup_mm32f327x_keil.o(.text)
    RTC_IRQHandler                           0x080001bf   Thumb Code     0  startup_mm32f327x_keil.o(.text)
    SDIO_IRQHandler                          0x080001bf   Thumb Code     0  startup_mm32f327x_keil.o(.text)
    SPI1_IRQHandler                          0x080001bf   Thumb Code     0  startup_mm32f327x_keil.o(.text)
    SPI2_IRQHandler                          0x080001bf   Thumb Code     0  startup_mm32f327x_keil.o(.text)
    SPI3_IRQHandler                          0x080001bf   Thumb Code     0  startup_mm32f327x_keil.o(.text)
    TAMPER_IRQHandler                        0x080001bf   Thumb Code     0  startup_mm32f327x_keil.o(.text)
    TIM1_BRK_IRQHandler                      0x080001bf   Thumb Code     0  startup_mm32f327x_keil.o(.text)
    TIM1_CC_IRQHandler                       0x080001bf   Thumb Code     0  startup_mm32f327x_keil.o(.text)
    TIM1_TRG_COM_IRQHandler                  0x080001bf   Thumb Code     0  startup_mm32f327x_keil.o(.text)
    TIM8_BRK_IRQHandler                      0x080001bf   Thumb Code     0  startup_mm32f327x_keil.o(.text)
    TIM8_CC_IRQHandler                       0x080001bf   Thumb Code     0  startup_mm32f327x_keil.o(.text)
    TIM8_TRG_COM_IRQHandler                  0x080001bf   Thumb Code     0  startup_mm32f327x_keil.o(.text)
    WWDG_IRQHandler                          0x080001bf   Thumb Code     0  startup_mm32f327x_keil.o(.text)
    __aeabi_memcpy                           0x080001c9   Thumb Code    36  memcpya.o(.text)
    __aeabi_memcpy4                          0x080001c9   Thumb Code     0  memcpya.o(.text)
    __aeabi_memcpy8                          0x080001c9   Thumb Code     0  memcpya.o(.text)
    __aeabi_memset                           0x080001ed   Thumb Code    14  memseta.o(.text)
    __aeabi_memset4                          0x080001ed   Thumb Code     0  memseta.o(.text)
    __aeabi_memset8                          0x080001ed   Thumb Code     0  memseta.o(.text)
    __aeabi_memclr                           0x080001fb   Thumb Code     4  memseta.o(.text)
    __aeabi_memclr4                          0x080001fb   Thumb Code     0  memseta.o(.text)
    __aeabi_memclr8                          0x080001fb   Thumb Code     0  memseta.o(.text)
    _memset$wrapper                          0x080001ff   Thumb Code    18  memseta.o(.text)
    __aeabi_fadd                             0x08000211   Thumb Code   164  fadd.o(.text)
    __aeabi_fsub                             0x080002b5   Thumb Code     6  fadd.o(.text)
    __aeabi_frsub                            0x080002bb   Thumb Code     6  fadd.o(.text)
    __aeabi_fmul                             0x080002c1   Thumb Code   100  fmul.o(.text)
    __aeabi_fdiv                             0x08000325   Thumb Code   124  fdiv.o(.text)
    __aeabi_dadd                             0x080003a1   Thumb Code   322  dadd.o(.text)
    __aeabi_dsub                             0x080004e3   Thumb Code     6  dadd.o(.text)
    __aeabi_drsub                            0x080004e9   Thumb Code     6  dadd.o(.text)
    __aeabi_dmul                             0x080004ef   Thumb Code   228  dmul.o(.text)
    __aeabi_i2f                              0x080005d3   Thumb Code    18  fflti.o(.text)
    __aeabi_ui2f                             0x080005e5   Thumb Code    10  ffltui.o(.text)
    __aeabi_i2d                              0x080005ef   Thumb Code    34  dflti.o(.text)
    __aeabi_f2iz                             0x08000611   Thumb Code    50  ffixi.o(.text)
    __aeabi_d2iz                             0x08000643   Thumb Code    62  dfixi.o(.text)
    __aeabi_f2d                              0x08000681   Thumb Code    38  f2d.o(.text)
    __aeabi_cdcmpeq                          0x080006a9   Thumb Code     0  cdcmple.o(.text)
    __aeabi_cdcmple                          0x080006a9   Thumb Code    48  cdcmple.o(.text)
    __aeabi_cdrcmple                         0x080006d9   Thumb Code    48  cdrcmple.o(.text)
    __aeabi_cfrcmple                         0x08000709   Thumb Code    20  cfrcmple.o(.text)
    __aeabi_llsl                             0x0800071d   Thumb Code    30  llshl.o(.text)
    _ll_shift_l                              0x0800071d   Thumb Code     0  llshl.o(.text)
    __aeabi_llsr                             0x0800073b   Thumb Code    32  llushr.o(.text)
    _ll_ushift_r                             0x0800073b   Thumb Code     0  llushr.o(.text)
    __aeabi_lasr                             0x0800075b   Thumb Code    36  llsshr.o(.text)
    _ll_sshift_r                             0x0800075b   Thumb Code     0  llsshr.o(.text)
    __I$use$fp                               0x0800077f   Thumb Code     0  iusefp.o(.text)
    _float_round                             0x0800077f   Thumb Code    18  fepilogue.o(.text)
    _float_epilogue                          0x08000791   Thumb Code    92  fepilogue.o(.text)
    _double_round                            0x080007ed   Thumb Code    30  depilogue.o(.text)
    _double_epilogue                         0x0800080b   Thumb Code   156  depilogue.o(.text)
    __scatterload                            0x080008a9   Thumb Code    28  init.o(.text)
    __scatterload_rt2                        0x080008a9   Thumb Code     0  init.o(.text)
    __decompress                             0x080008cd   Thumb Code     0  __dczerorl2.o(.text)
    __decompress1                            0x080008cd   Thumb Code    86  __dczerorl2.o(.text)
    AutoCalPllFactor                         0x08000923   Thumb Code   102  system_mm32f327x.o(i.AutoCalPllFactor)
    BusFault_Handler                         0x08000989   Thumb Code     4  common.o(i.BusFault_Handler)
    DMA1_Channel1_IRQHandler                 0x080009d1   Thumb Code    20  isr.o(i.DMA1_Channel1_IRQHandler)
    DMA1_Channel3_IRQHandler                 0x080009e5   Thumb Code    22  isr.o(i.DMA1_Channel3_IRQHandler)
    DMA1_Channel4_IRQHandler                 0x080009fd   Thumb Code    62  isr.o(i.DMA1_Channel4_IRQHandler)
    DMA1_Channel5_IRQHandler                 0x08000a41   Thumb Code    22  isr.o(i.DMA1_Channel5_IRQHandler)
    DMA1_Channel6_IRQHandler                 0x08000a57   Thumb Code    22  isr.o(i.DMA1_Channel6_IRQHandler)
    DMA1_Channel7_IRQHandler                 0x08000a6d   Thumb Code    22  isr.o(i.DMA1_Channel7_IRQHandler)
    DMA2_Channel1_IRQHandler                 0x08000a83   Thumb Code    20  isr.o(i.DMA2_Channel1_IRQHandler)
    DMA2_Channel3_IRQHandler                 0x08000a97   Thumb Code    22  isr.o(i.DMA2_Channel3_IRQHandler)
    DMA2_Channel4_IRQHandler                 0x08000aad   Thumb Code    22  isr.o(i.DMA2_Channel4_IRQHandler)
    DMA2_Channel5_IRQHandler                 0x08000ac3   Thumb Code    22  isr.o(i.DMA2_Channel5_IRQHandler)
    DMA_ClearFlag                            0x08000ad9   Thumb Code    20  hal_dma.o(i.DMA_ClearFlag)
    DMA_Cmd                                  0x08000af5   Thumb Code    12  hal_dma.o(i.DMA_Cmd)
    DMA_DeInit                               0x08000b01   Thumb Code    82  hal_dma.o(i.DMA_DeInit)
    DMA_GetFlagStatus                        0x08000b5d   Thumb Code    40  hal_dma.o(i.DMA_GetFlagStatus)
    DMA_ITConfig                             0x08000b8d   Thumb Code    18  hal_dma.o(i.DMA_ITConfig)
    DMA_Init                                 0x08000b9f   Thumb Code    70  hal_dma.o(i.DMA_Init)
    DebugMon_Handler                         0x08000be5   Thumb Code     4  common.o(i.DebugMon_Handler)
    EXTI0_IRQHandler                         0x08000be9   Thumb Code    36  isr.o(i.EXTI0_IRQHandler)
    EXTI15_10_IRQHandler                     0x08000c15   Thumb Code   164  isr.o(i.EXTI15_10_IRQHandler)
    EXTI1_IRQHandler                         0x08000cc1   Thumb Code    36  isr.o(i.EXTI1_IRQHandler)
    EXTI2_IRQHandler                         0x08000ced   Thumb Code    36  isr.o(i.EXTI2_IRQHandler)
    EXTI3_IRQHandler                         0x08000d19   Thumb Code    36  isr.o(i.EXTI3_IRQHandler)
    EXTI4_IRQHandler                         0x08000d45   Thumb Code    10  isr.o(i.EXTI4_IRQHandler)
    EXTI9_5_IRQHandler                       0x08000d51   Thumb Code   122  isr.o(i.EXTI9_5_IRQHandler)
    EXTI_ClearFlag                           0x08000dd1   Thumb Code     6  hal_exti.o(i.EXTI_ClearFlag)
    EXTI_GetITStatus                         0x08000ddd   Thumb Code    28  hal_exti.o(i.EXTI_GetITStatus)
    EXTI_Init                                0x08000dfd   Thumb Code   210  hal_exti.o(i.EXTI_Init)
    EXTI_LineConfig                          0x08000ed5   Thumb Code    56  hal_exti.o(i.EXTI_LineConfig)
    EXTI_StructInit                          0x08000f11   Thumb Code    16  hal_exti.o(i.EXTI_StructInit)
    FSMC_NORSRAMB_BankStructInit             0x08000f21   Thumb Code    28  hal_fsmc.o(i.FSMC_NORSRAMB_BankStructInit)
    FSMC_NORSRAMInit                         0x08000f3d   Thumb Code    46  hal_fsmc.o(i.FSMC_NORSRAMInit)
    FSMC_NORSRAMStructInit                   0x08000f71   Thumb Code    24  hal_fsmc.o(i.FSMC_NORSRAMStructInit)
    FSMC_NORSRAM_Bank_Init                   0x08000f89   Thumb Code   238  hal_fsmc.o(i.FSMC_NORSRAM_Bank_Init)
    HardFault_Handler                        0x0800107d   Thumb Code     4  common.o(i.HardFault_Handler)
    Init_button                              0x08001081   Thumb Code    76  init.o(i.Init_button)
    Init_para                                0x080010cd   Thumb Code   110  data.o(i.Init_para)
    MemManage_Handler                        0x08001171   Thumb Code     4  common.o(i.MemManage_Handler)
    NMI_Handler                              0x08001175   Thumb Code     4  common.o(i.NMI_Handler)
    NVIC_Init                                0x08001179   Thumb Code    96  hal_misc.o(i.NVIC_Init)
    PendSV_Handler                           0x080011e5   Thumb Code     4  common.o(i.PendSV_Handler)
    RCC_AHB3PeriphClockCmd                   0x080011e9   Thumb Code    26  hal_rcc.o(i.RCC_AHB3PeriphClockCmd)
    RCC_AHBPeriphClockCmd                    0x08001209   Thumb Code    26  hal_rcc.o(i.RCC_AHBPeriphClockCmd)
    RCC_APB1PeriphClockCmd                   0x08001229   Thumb Code    26  hal_rcc.o(i.RCC_APB1PeriphClockCmd)
    RCC_APB2PeriphClockCmd                   0x08001249   Thumb Code    26  hal_rcc.o(i.RCC_APB2PeriphClockCmd)
    SVC_Handler                              0x08001269   Thumb Code     4  common.o(i.SVC_Handler)
    SystemInit                               0x08001425   Thumb Code    82  system_mm32f327x.o(i.SystemInit)
    TIM1_UP_IRQHandler                       0x08001489   Thumb Code    14  isr.o(i.TIM1_UP_IRQHandler)
    TIM2_IRQHandler                          0x0800149d   Thumb Code   138  isr.o(i.TIM2_IRQHandler)
    TIM3_IRQHandler                          0x08001551   Thumb Code    14  isr.o(i.TIM3_IRQHandler)
    TIM4_IRQHandler                          0x08001565   Thumb Code    14  isr.o(i.TIM4_IRQHandler)
    TIM5_IRQHandler                          0x08001579   Thumb Code    14  isr.o(i.TIM5_IRQHandler)
    TIM6_IRQHandler                          0x0800158d   Thumb Code   136  isr.o(i.TIM6_IRQHandler)
    TIM7_IRQHandler                          0x08001639   Thumb Code    14  isr.o(i.TIM7_IRQHandler)
    TIM8_UP_IRQHandler                       0x0800164d   Thumb Code    14  isr.o(i.TIM8_UP_IRQHandler)
    TIM_Cmd                                  0x08001661   Thumb Code    22  hal_tim.o(i.TIM_Cmd)
    TIM_DMACmd                               0x08001677   Thumb Code    18  hal_tim.o(i.TIM_DMACmd)
    TIM_ETRClockMode1Config                  0x08001689   Thumb Code    32  hal_tim.o(i.TIM_ETRClockMode1Config)
    TIM_ETRConfig                            0x080016a9   Thumb Code    44  hal_tim.o(i.TIM_ETRConfig)
    TIM_SelectInputTrigger                   0x080016d5   Thumb Code    12  hal_tim.o(i.TIM_SelectInputTrigger)
    TIM_SelectMasterSlaveMode                0x080016e1   Thumb Code    12  hal_tim.o(i.TIM_SelectMasterSlaveMode)
    TIM_SelectSlaveMode                      0x080016ed   Thumb Code    12  hal_tim.o(i.TIM_SelectSlaveMode)
    TIM_TimeBaseInit                         0x080016f9   Thumb Code    98  hal_tim.o(i.TIM_TimeBaseInit)
    UART1_IRQHandler                         0x08001771   Thumb Code    54  isr.o(i.UART1_IRQHandler)
    UART2_IRQHandler                         0x080017ad   Thumb Code    54  isr.o(i.UART2_IRQHandler)
    UART3_IRQHandler                         0x080017e9   Thumb Code   156  isr.o(i.UART3_IRQHandler)
    UART4_IRQHandler                         0x0800189d   Thumb Code    54  isr.o(i.UART4_IRQHandler)
    UART5_IRQHandler                         0x080018d9   Thumb Code    46  isr.o(i.UART5_IRQHandler)
    UART6_IRQHandler                         0x0800190d   Thumb Code    54  isr.o(i.UART6_IRQHandler)
    UART7_IRQHandler                         0x08001949   Thumb Code    54  isr.o(i.UART7_IRQHandler)
    UART8_IRQHandler                         0x08001985   Thumb Code    86  isr.o(i.UART8_IRQHandler)
    UsageFault_Handler                       0x080019e5   Thumb Code     4  common.o(i.UsageFault_Handler)
    __scatterload_copy                       0x080019e9   Thumb Code    14  handlers.o(i.__scatterload_copy)
    __scatterload_null                       0x080019f7   Thumb Code     2  handlers.o(i.__scatterload_null)
    __scatterload_zeroinit                   0x080019f9   Thumb Code    14  handlers.o(i.__scatterload_zeroinit)
    adc_convert                              0x08001a09   Thumb Code    96  zf_adc.o(i.adc_convert)
    adc_extreme                              0x08001a71   Thumb Code    68  eident.o(i.adc_extreme)
    adc_init                                 0x08001abd   Thumb Code   246  zf_adc.o(i.adc_init)
    adc_jug                                  0x08001bc1   Thumb Code   636  eident.o(i.adc_jug)
    adc_suminus                              0x08001e85   Thumb Code   252  eident.o(i.adc_suminus)
    afio_init                                0x08001fa1   Thumb Code   218  zf_gpio.o(i.afio_init)
    board_init                               0x08002085   Thumb Code    24  board.o(i.board_init)
    camera_dma_init                          0x0800209d   Thumb Code   122  zf_camera.o(i.camera_dma_init)
    camera_tim_etr_init                      0x08002119   Thumb Code   252  zf_camera.o(i.camera_tim_etr_init)
    core_select                              0x08002219   Thumb Code    70  init.o(i.core_select)
    cross_road                               0x08002281   Thumb Code    18  eident.o(i.cross_road)
    drawMidLine                              0x08002299   Thumb Code   280  cam.o(i.drawMidLine)
    eident_init                              0x080023f9   Thumb Code   104  init.o(i.eident_init)
    exti_interrupt_init                      0x08002475   Thumb Code   206  zf_exti.o(i.exti_interrupt_init)
    findLeftPoint                            0x08002549   Thumb Code   422  cam.o(i.findLeftPoint)
    findRightPoint                           0x08002705   Thumb Code   400  cam.o(i.findRightPoint)
    fixed_monitor                            0x080028a5   Thumb Code   180  menu_2.o(i.fixed_monitor)
    fsmc_init                                0x080029b1   Thumb Code    88  zf_fsmc.o(i.fsmc_init)
    get_config                               0x08002a09   Thumb Code    96  seekfree_mt9v03x.o(i.get_config)
    gpio_get                                 0x08002a71   Thumb Code    32  zf_gpio.o(i.gpio_get)
    gpio_init                                0x08002a95   Thumb Code   322  zf_gpio.o(i.gpio_init)
    ips200_address_set                       0x08003f4d   Thumb Code    54  seekfree_ips200_parallel8.o(i.ips200_address_set)
    ips200_clear                             0x08003f83   Thumb Code    52  seekfree_ips200_parallel8.o(i.ips200_clear)
    ips200_display_chinese                   0x08003fb7   Thumb Code   164  seekfree_ips200_parallel8.o(i.ips200_display_chinese)
    ips200_displayimage032                   0x0800405b   Thumb Code   142  seekfree_ips200_parallel8.o(i.ips200_displayimage032)
    ips200_drawpoint                         0x080040e9   Thumb Code    28  seekfree_ips200_parallel8.o(i.ips200_drawpoint)
    ips200_init                              0x08004105   Thumb Code   610  seekfree_ips200_parallel8.o(i.ips200_init)
    ips200_showchar                          0x0800436d   Thumb Code   106  seekfree_ips200_parallel8.o(i.ips200_showchar)
    ips200_showfloat                         0x080043e5   Thumb Code   184  seekfree_ips200_parallel8.o(i.ips200_showfloat)
    ips200_showint16                         0x080044a1   Thumb Code   190  seekfree_ips200_parallel8.o(i.ips200_showint16)
    ips200_showstr                           0x0800455f   Thumb Code    46  seekfree_ips200_parallel8.o(i.ips200_showstr)
    ips200_showuint16                        0x0800458d   Thumb Code   144  seekfree_ips200_parallel8.o(i.ips200_showuint16)
    ips200_showuint8                         0x0800461d   Thumb Code   100  seekfree_ips200_parallel8.o(i.ips200_showuint8)
    ips200_w_data                            0x08004681   Thumb Code     8  seekfree_ips200_parallel8.o(i.ips200_w_data)
    ips200_wr_data                           0x0800468d   Thumb Code    60  seekfree_ips200_parallel8.o(i.ips200_wr_data)
    ips200_wr_data16                         0x080046cd   Thumb Code    98  seekfree_ips200_parallel8.o(i.ips200_wr_data16)
    ips200_wr_reg                            0x08004735   Thumb Code    58  seekfree_ips200_parallel8.o(i.ips200_wr_reg)
    main                                     0x08004775   Thumb Code   110  main.o(i.main)
    menu2_display                            0x080047e9   Thumb Code  1236  menu_2.o(i.menu2_display)
    menu2_init                               0x08004cc1   Thumb Code   300  menu_2.o(i.menu2_init)
    menu2_select                             0x08004e39   Thumb Code   574  menu_2.o(i.menu2_select)
    menu2value_hl                            0x0800515d   Thumb Code   696  menu_2.o(i.menu2value_hl)
    menu_display                             0x08005665   Thumb Code   332  menu.o(i.menu_display)
    menu_select                              0x080057fd   Thumb Code   196  menu.o(i.menu_select)
    monitor                                  0x08005b85   Thumb Code   184  menu_2.o(i.monitor)
    mt9v03x_dma                              0x08005c95   Thumb Code    22  seekfree_mt9v03x.o(i.mt9v03x_dma)
    mt9v03x_dma_init                         0x08005cb5   Thumb Code    68  seekfree_mt9v03x.o(i.mt9v03x_dma_init)
    mt9v03x_exti_init                        0x08005d05   Thumb Code    40  seekfree_mt9v03x.o(i.mt9v03x_exti_init)
    mt9v03x_init                             0x08005d2d   Thumb Code   100  seekfree_mt9v03x.o(i.mt9v03x_init)
    mt9v03x_tim1_etr_init                    0x08005da9   Thumb Code    12  seekfree_mt9v03x.o(i.mt9v03x_tim1_etr_init)
    mt9v03x_uart_callback                    0x08005db5   Thumb Code    66  seekfree_mt9v03x.o(i.mt9v03x_uart_callback)
    mt9v03x_vsync                            0x08005e09   Thumb Code    20  seekfree_mt9v03x.o(i.mt9v03x_vsync)
    number_conversion_ascii                  0x08005e21   Thumb Code   136  seekfree_printf.o(i.number_conversion_ascii)
    nvic_init                                0x08005ea9   Thumb Code    36  common.o(i.nvic_init)
    otsu                                     0x08005ecd   Thumb Code   456  cam.o(i.otsu)
    ov7725_cof_uart_interrupt                0x080060b5   Thumb Code    66  seekfree_uart_7725.o(i.ov7725_cof_uart_interrupt)
    ov7725_dma                               0x08006109   Thumb Code    22  seekfree_7725.o(i.ov7725_dma)
    ov7725_uart_dma                          0x08006129   Thumb Code    22  seekfree_uart_7725.o(i.ov7725_uart_dma)
    ov7725_uart_vsync                        0x08006149   Thumb Code    20  seekfree_uart_7725.o(i.ov7725_uart_vsync)
    ov7725_vsync                             0x08006161   Thumb Code    20  seekfree_7725.o(i.ov7725_vsync)
    pos_pid                                  0x08006179   Thumb Code   104  pid.o(i.pos_pid)
    printf_reverse_order                     0x080061e1   Thumb Code    34  seekfree_printf.o(i.printf_reverse_order)
    set_config                               0x08006205   Thumb Code   110  seekfree_mt9v03x.o(i.set_config)
    single_ch_filter                         0x0800627d   Thumb Code   196  eident.o(i.single_ch_filter)
    swdisplay                                0x08006341   Thumb Code   514  menu_2.o(i.swdisplay)
    systick_delay                            0x080065f1   Thumb Code    38  zf_systick.o(i.systick_delay)
    systick_delay_ms                         0x08006619   Thumb Code    34  zf_systick.o(i.systick_delay_ms)
    tim_interrupt_disabnle                   0x08006641   Thumb Code    30  zf_pit.o(i.tim_interrupt_disabnle)
    tim_interrupt_init                       0x08006665   Thumb Code   216  zf_pit.o(i.tim_interrupt_init)
    tim_interrupt_init_ms                    0x08006751   Thumb Code   226  zf_pit.o(i.tim_interrupt_init_ms)
    uart_getchar                             0x08006849   Thumb Code    30  zf_uart.o(i.uart_getchar)
    uart_init                                0x0800686d   Thumb Code   392  zf_uart.o(i.uart_init)
    uart_putbuff                             0x08006a25   Thumb Code    42  zf_uart.o(i.uart_putbuff)
    uart_putchar                             0x08006a55   Thumb Code    28  zf_uart.o(i.uart_putchar)
    uart_rx_irq                              0x08006a75   Thumb Code    66  zf_uart.o(i.uart_rx_irq)
    zf_sprintf                               0x08006ac1   Thumb Code   736  seekfree_printf.o(i.zf_sprintf)
    tft_ascii                                0x08006da4   Data        1520  seekfree_font.o(.constdata)
    gImage_qq                                0x08007394   Data        3200  seekfree_font.o(.constdata)
    chinese_test                             0x08008014   Data         128  seekfree_font.o(.constdata)
    oled_6x8                                 0x08008094   Data         552  seekfree_font.o(.constdata)
    oled_8x16                                0x080082bc   Data        1520  seekfree_font.o(.constdata)
    oled_16x16_chinese                       0x080088ac   Data         128  seekfree_font.o(.constdata)
    Region$$Table$$Base                      0x0800892c   Number         0  anon$$obj.o(Region$$Table)
    Region$$Table$$Limit                     0x0800894c   Number         0  anon$$obj.o(Region$$Table)
    imgthrsod                                0x20000000   Data           2  data.o(.data)
    cjug_sta                                 0x20000002   Data           1  data.o(.data)
    lefp                                     0x20000003   Data           1  data.o(.data)
    rigp                                     0x20000004   Data           1  data.o(.data)
    midp                                     0x20000005   Data           1  data.o(.data)
    lefslope                                 0x20000008   Data           4  data.o(.data)
    rigslope                                 0x2000000c   Data           4  data.o(.data)
    midslope                                 0x20000010   Data           4  data.o(.data)
    img_thrsod                               0x20000014   Data           1  data.o(.data)
    adc0                                     0x20000016   Data           8  data.o(.data)
    adc1                                     0x2000001e   Data           8  data.o(.data)
    adc2                                     0x20000026   Data           8  data.o(.data)
    adc3                                     0x2000002e   Data           8  data.o(.data)
    adc4                                     0x20000036   Data           8  data.o(.data)
    ajug_sta                                 0x2000003e   Data           1  data.o(.data)
    act_sta                                  0x2000003f   Data           1  data.o(.data)
    Kp_act                                   0x20000040   Data           2  data.o(.data)
    spd                                      0x20000042   Data           2  data.o(.data)
    spd_bias                                 0x20000044   Data           2  data.o(.data)
    spd_adcset                               0x20000046   Data           2  data.o(.data)
    rad_bias                                 0x20000048   Data           1  data.o(.data)
    adc_pfc                                  0x2000004c   Data           4  data.o(.data)
    menu                                     0x20000050   Data           4  data.o(.data)
    menu_level                               0x20000054   Data           1  data.o(.data)
    menu_index                               0x20000055   Data           1  data.o(.data)
    menu2_index                              0x20000056   Data           1  data.o(.data)
    menu2_level                              0x20000057   Data           1  data.o(.data)
    excollflag                               0x20000058   Data           1  data.o(.data)
    fixedflag                                0x20000059   Data           1  data.o(.data)
    monitorflag                              0x2000005a   Data           1  data.o(.data)
    csimenu_flag                             0x2000005b   Data           2  data.o(.data)
    wireless_flag                            0x2000005d   Data           2  data.o(.data)
    menu_pfc                                 0x20000060   Data           8  data.o(.data)
    subuff_num                               0x20000068   Data           1  data.o(.data)
    subuff_arr                               0x20000069   Data           3  data.o(.data)
    subuff_ranging                           0x2000006c   Data           2  data.o(.data)
    menu2_limit                              0x20000074   Data           1  menu_2.o(.data)
    menu2flag                                0x20000075   Data           1  menu_2.o(.data)
    menu2mode                                0x20000076   Data           1  menu_2.o(.data)
    fixedindex                               0x20000077   Data           1  menu_2.o(.data)
    magflag                                  0x20000078   Data           1  menu_2.o(.data)
    magindex                                 0x20000079   Data           1  menu_2.o(.data)
    mag                                      0x2000007c   Data          20  menu_2.o(.data)
    shortvalue0                              0x20000090   Data           4  menu_2.o(.data)
    shortvalue1                              0x20000094   Data           4  menu_2.o(.data)
    shortvalue2                              0x20000098   Data           4  menu_2.o(.data)
    value0                                   0x2000009c   Data           4  menu_2.o(.data)
    value1                                   0x200000a0   Data           4  menu_2.o(.data)
    value2                                   0x200000a4   Data           4  menu_2.o(.data)
    value3                                   0x200000a8   Data           4  menu_2.o(.data)
    value4                                   0x200000ac   Data           4  menu_2.o(.data)
    leftLose                                 0x200000b0   Data           1  cam.o(.data)
    rightLose                                0x200000b1   Data           1  cam.o(.data)
    leftTurn                                 0x200000b2   Data           1  cam.o(.data)
    rightTurn                                0x200000b3   Data           1  cam.o(.data)
    camera_type                              0x200000b4   Data           1  common.o(.data)
    camera_buffer_addr                       0x200000b8   Data           4  common.o(.data)
    SystemCoreClock                          0x200000bc   Data           4  system_mm32f327x.o(.data)
    AHBPrescTable                            0x200000c0   Data          16  system_mm32f327x.o(.data)
    adc_index                                0x200000d0   Data          12  zf_adc.o(.data)
    adc_resolution                           0x200000dc   Data           3  zf_adc.o(.data)
    gpio_group                               0x200000e0   Data          32  zf_gpio.o(.data)
    tim_index                                0x20000100   Data          32  zf_tim.o(.data)
    uart_index                               0x20000120   Data          32  zf_uart.o(.data)
    uart_irq                                 0x20000140   Data           8  zf_uart.o(.data)
    ov7725_finish_flag                       0x20000148   Data           1  seekfree_7725.o(.data)
    ips200_pencolor                          0x2000014c   Data           2  seekfree_ips200_parallel8.o(.data)
    ips200_bgcolor                           0x2000014e   Data           2  seekfree_ips200_parallel8.o(.data)
    mt9v03x_finish_flag                      0x20000150   Data           1  seekfree_mt9v03x.o(.data)
    MT9V03X_CFG                              0x20000156   Data          36  seekfree_mt9v03x.o(.data)
    GET_CFG                                  0x2000017a   Data          32  seekfree_mt9v03x.o(.data)
    ov7725_uart_finish_flag                  0x2000019a   Data           1  seekfree_uart_7725.o(.data)
    OV7725_CFG                               0x2000019c   Data          24  seekfree_uart_7725.o(.data)
    OV7725_GET_CFG                           0x200001b4   Data          20  seekfree_uart_7725.o(.data)
    lefbor                                   0x200001d0   Data          55  data.o(.bss)
    rigbor                                   0x20000207   Data          55  data.o(.bss)
    mid_point                                0x2000023e   Data          55  data.o(.bss)
    P                                        0x20000278   Data        1024  data.o(.bss)
    PK                                       0x20000678   Data        1024  data.o(.bss)
    MK                                       0x20000a78   Data        1024  data.o(.bss)
    gray_img                                 0x20000e78   Data       12800  data.o(.bss)
    adc_err                                  0x20004078   Data          20  data.o(.bss)
    adc_steering                             0x2000408c   Data          36  data.o(.bss)
    adc_straight                             0x200040b0   Data          36  data.o(.bss)
    cam_steering                             0x200040d4   Data          36  data.o(.bss)
    nom                                      0x200040f8   Data         128  data.o(.bss)
    imageLeft                                0x20004178   Data         160  cam.o(.bss)
    imageRight                               0x20004218   Data         160  cam.o(.bss)
    mt9v03x_image                            0x200042b8   Data       12800  seekfree_mt9v03x.o(.bss)
    __initial_sp                             0x200078b8   Data           0  startup_mm32f327x_keil.o(STACK)



==============================================================================

Memory Map of the image

  Image Entry point : 0x08000191

  Load Region LR_IROM1 (Base: 0x08000000, Size: 0x00008b1c, Max: 0x00080000, ABSOLUTE, COMPRESSED[0x00008a1c])

    Execution Region ER_IROM1 (Exec base: 0x08000000, Load base: 0x08000000, Size: 0x0000894c, Max: 0x00080000, ABSOLUTE)

    Exec Addr    Load Addr    Size         Type   Attr      Idx    E Section Name        Object

    0x08000000   0x08000000   0x00000190   Data   RO         1213    RESET               startup_mm32f327x_keil.o
    0x08000190   0x08000190   0x00000000   Code   RO         7523  * .ARM.Collect$$$$00000000  mc_w.l(entry.o)
    0x08000190   0x08000190   0x00000004   Code   RO         7564    .ARM.Collect$$$$00000001  mc_w.l(entry2.o)
    0x08000194   0x08000194   0x00000004   Code   RO         7567    .ARM.Collect$$$$00000004  mc_w.l(entry5.o)
    0x08000198   0x08000198   0x00000000   Code   RO         7569    .ARM.Collect$$$$00000008  mc_w.l(entry7b.o)
    0x08000198   0x08000198   0x00000000   Code   RO         7571    .ARM.Collect$$$$0000000A  mc_w.l(entry8b.o)
    0x08000198   0x08000198   0x00000008   Code   RO         7572    .ARM.Collect$$$$0000000B  mc_w.l(entry9a.o)
    0x080001a0   0x080001a0   0x00000000   Code   RO         7574    .ARM.Collect$$$$0000000D  mc_w.l(entry10a.o)
    0x080001a0   0x080001a0   0x00000000   Code   RO         7576    .ARM.Collect$$$$0000000F  mc_w.l(entry11a.o)
    0x080001a0   0x080001a0   0x00000004   Code   RO         7565    .ARM.Collect$$$$00002712  mc_w.l(entry2.o)
    0x080001a4   0x080001a4   0x00000024   Code   RO         1214    .text               startup_mm32f327x_keil.o
    0x080001c8   0x080001c8   0x00000024   Code   RO         7528    .text               mc_w.l(memcpya.o)
    0x080001ec   0x080001ec   0x00000024   Code   RO         7530    .text               mc_w.l(memseta.o)
    0x08000210   0x08000210   0x000000b0   Code   RO         7534    .text               mf_w.l(fadd.o)
    0x080002c0   0x080002c0   0x00000064   Code   RO         7536    .text               mf_w.l(fmul.o)
    0x08000324   0x08000324   0x0000007c   Code   RO         7538    .text               mf_w.l(fdiv.o)
    0x080003a0   0x080003a0   0x0000014e   Code   RO         7540    .text               mf_w.l(dadd.o)
    0x080004ee   0x080004ee   0x000000e4   Code   RO         7542    .text               mf_w.l(dmul.o)
    0x080005d2   0x080005d2   0x00000012   Code   RO         7544    .text               mf_w.l(fflti.o)
    0x080005e4   0x080005e4   0x0000000a   Code   RO         7546    .text               mf_w.l(ffltui.o)
    0x080005ee   0x080005ee   0x00000022   Code   RO         7548    .text               mf_w.l(dflti.o)
    0x08000610   0x08000610   0x00000032   Code   RO         7550    .text               mf_w.l(ffixi.o)
    0x08000642   0x08000642   0x0000003e   Code   RO         7554    .text               mf_w.l(dfixi.o)
    0x08000680   0x08000680   0x00000026   Code   RO         7556    .text               mf_w.l(f2d.o)
    0x080006a6   0x080006a6   0x00000002   PAD
    0x080006a8   0x080006a8   0x00000030   Code   RO         7558    .text               mf_w.l(cdcmple.o)
    0x080006d8   0x080006d8   0x00000030   Code   RO         7560    .text               mf_w.l(cdrcmple.o)
    0x08000708   0x08000708   0x00000014   Code   RO         7562    .text               mf_w.l(cfrcmple.o)
    0x0800071c   0x0800071c   0x0000001e   Code   RO         7578    .text               mc_w.l(llshl.o)
    0x0800073a   0x0800073a   0x00000020   Code   RO         7580    .text               mc_w.l(llushr.o)
    0x0800075a   0x0800075a   0x00000024   Code   RO         7582    .text               mc_w.l(llsshr.o)
    0x0800077e   0x0800077e   0x00000000   Code   RO         7584    .text               mc_w.l(iusefp.o)
    0x0800077e   0x0800077e   0x0000006e   Code   RO         7585    .text               mf_w.l(fepilogue.o)
    0x080007ec   0x080007ec   0x000000ba   Code   RO         7587    .text               mf_w.l(depilogue.o)
    0x080008a6   0x080008a6   0x00000002   PAD
    0x080008a8   0x080008a8   0x00000024   Code   RO         7589    .text               mc_w.l(init.o)
    0x080008cc   0x080008cc   0x00000056   Code   RO         7599    .text               mc_w.l(__dczerorl2.o)
    0x08000922   0x08000922   0x00000066   Code   RO         1166    i.AutoCalPllFactor  system_mm32f327x.o
    0x08000988   0x08000988   0x00000004   Code   RO          985    i.BusFault_Handler  common.o
    0x0800098c   0x0800098c   0x00000044   Code   RO         1167    i.DELAY_xUs         system_mm32f327x.o
    0x080009d0   0x080009d0   0x00000014   Code   RO            4    i.DMA1_Channel1_IRQHandler  isr.o
    0x080009e4   0x080009e4   0x00000016   Code   RO            6    i.DMA1_Channel3_IRQHandler  isr.o
    0x080009fa   0x080009fa   0x00000002   PAD
    0x080009fc   0x080009fc   0x00000044   Code   RO            7    i.DMA1_Channel4_IRQHandler  isr.o
    0x08000a40   0x08000a40   0x00000016   Code   RO            8    i.DMA1_Channel5_IRQHandler  isr.o
    0x08000a56   0x08000a56   0x00000016   Code   RO            9    i.DMA1_Channel6_IRQHandler  isr.o
    0x08000a6c   0x08000a6c   0x00000016   Code   RO           10    i.DMA1_Channel7_IRQHandler  isr.o
    0x08000a82   0x08000a82   0x00000014   Code   RO           11    i.DMA2_Channel1_IRQHandler  isr.o
    0x08000a96   0x08000a96   0x00000016   Code   RO           13    i.DMA2_Channel3_IRQHandler  isr.o
    0x08000aac   0x08000aac   0x00000016   Code   RO           14    i.DMA2_Channel4_IRQHandler  isr.o
    0x08000ac2   0x08000ac2   0x00000016   Code   RO           15    i.DMA2_Channel5_IRQHandler  isr.o
    0x08000ad8   0x08000ad8   0x0000001c   Code   RO         4185    i.DMA_ClearFlag     hal_dma.o
    0x08000af4   0x08000af4   0x0000000c   Code   RO         4187    i.DMA_Cmd           hal_dma.o
    0x08000b00   0x08000b00   0x0000005c   Code   RO         4188    i.DMA_DeInit        hal_dma.o
    0x08000b5c   0x08000b5c   0x00000030   Code   RO         4190    i.DMA_GetFlagStatus  hal_dma.o
    0x08000b8c   0x08000b8c   0x00000012   Code   RO         4192    i.DMA_ITConfig      hal_dma.o
    0x08000b9e   0x08000b9e   0x00000046   Code   RO         4193    i.DMA_Init          hal_dma.o
    0x08000be4   0x08000be4   0x00000004   Code   RO          986    i.DebugMon_Handler  common.o
    0x08000be8   0x08000be8   0x0000002c   Code   RO           16    i.EXTI0_IRQHandler  isr.o
    0x08000c14   0x08000c14   0x000000ac   Code   RO           17    i.EXTI15_10_IRQHandler  isr.o
    0x08000cc0   0x08000cc0   0x0000002c   Code   RO           18    i.EXTI1_IRQHandler  isr.o
    0x08000cec   0x08000cec   0x0000002c   Code   RO           19    i.EXTI2_IRQHandler  isr.o
    0x08000d18   0x08000d18   0x0000002c   Code   RO           20    i.EXTI3_IRQHandler  isr.o
    0x08000d44   0x08000d44   0x0000000a   Code   RO           21    i.EXTI4_IRQHandler  isr.o
    0x08000d4e   0x08000d4e   0x00000002   PAD
    0x08000d50   0x08000d50   0x00000080   Code   RO           22    i.EXTI9_5_IRQHandler  isr.o
    0x08000dd0   0x08000dd0   0x0000000c   Code   RO         4798    i.EXTI_ClearFlag    hal_exti.o
    0x08000ddc   0x08000ddc   0x00000020   Code   RO         4803    i.EXTI_GetITStatus  hal_exti.o
    0x08000dfc   0x08000dfc   0x000000d8   Code   RO         4804    i.EXTI_Init         hal_exti.o
    0x08000ed4   0x08000ed4   0x0000003c   Code   RO         4805    i.EXTI_LineConfig   hal_exti.o
    0x08000f10   0x08000f10   0x00000010   Code   RO         4806    i.EXTI_StructInit   hal_exti.o
    0x08000f20   0x08000f20   0x0000001c   Code   RO         5086    i.FSMC_NORSRAMB_BankStructInit  hal_fsmc.o
    0x08000f3c   0x08000f3c   0x00000034   Code   RO         5087    i.FSMC_NORSRAMInit  hal_fsmc.o
    0x08000f70   0x08000f70   0x00000018   Code   RO         5088    i.FSMC_NORSRAMStructInit  hal_fsmc.o
    0x08000f88   0x08000f88   0x000000f4   Code   RO         5089    i.FSMC_NORSRAM_Bank_Init  hal_fsmc.o
    0x0800107c   0x0800107c   0x00000004   Code   RO          987    i.HardFault_Handler  common.o
    0x08001080   0x08001080   0x0000004c   Code   RO          853    i.Init_button       init.o
    0x080010cc   0x080010cc   0x000000a4   Code   RO          571    i.Init_para         data.o
    0x08001170   0x08001170   0x00000004   Code   RO          988    i.MemManage_Handler  common.o
    0x08001174   0x08001174   0x00000004   Code   RO          989    i.NMI_Handler       common.o
    0x08001178   0x08001178   0x0000006c   Code   RO         5518    i.NVIC_Init         hal_misc.o
    0x080011e4   0x080011e4   0x00000004   Code   RO          990    i.PendSV_Handler    common.o
    0x080011e8   0x080011e8   0x00000020   Code   RO         5669    i.RCC_AHB3PeriphClockCmd  hal_rcc.o
    0x08001208   0x08001208   0x00000020   Code   RO         5671    i.RCC_AHBPeriphClockCmd  hal_rcc.o
    0x08001228   0x08001228   0x00000020   Code   RO         5674    i.RCC_APB1PeriphClockCmd  hal_rcc.o
    0x08001248   0x08001248   0x00000020   Code   RO         5677    i.RCC_APB2PeriphClockCmd  hal_rcc.o
    0x08001268   0x08001268   0x00000004   Code   RO          991    i.SVC_Handler       common.o
    0x0800126c   0x0800126c   0x00000008   Code   RO         1168    i.SetSysClock       system_mm32f327x.o
    0x08001274   0x08001274   0x000001b0   Code   RO         1169    i.SetSysClockToXX   system_mm32f327x.o
    0x08001424   0x08001424   0x00000064   Code   RO         1170    i.SystemInit        system_mm32f327x.o
    0x08001488   0x08001488   0x00000014   Code   RO           23    i.TIM1_UP_IRQHandler  isr.o
    0x0800149c   0x0800149c   0x000000b4   Code   RO           24    i.TIM2_IRQHandler   isr.o
    0x08001550   0x08001550   0x00000014   Code   RO           25    i.TIM3_IRQHandler   isr.o
    0x08001564   0x08001564   0x00000014   Code   RO           26    i.TIM4_IRQHandler   isr.o
    0x08001578   0x08001578   0x00000014   Code   RO           27    i.TIM5_IRQHandler   isr.o
    0x0800158c   0x0800158c   0x000000ac   Code   RO           28    i.TIM6_IRQHandler   isr.o
    0x08001638   0x08001638   0x00000014   Code   RO           29    i.TIM7_IRQHandler   isr.o
    0x0800164c   0x0800164c   0x00000014   Code   RO           30    i.TIM8_UP_IRQHandler  isr.o
    0x08001660   0x08001660   0x00000016   Code   RO         6527    i.TIM_Cmd           hal_tim.o
    0x08001676   0x08001676   0x00000012   Code   RO         6530    i.TIM_DMACmd        hal_tim.o
    0x08001688   0x08001688   0x00000020   Code   RO         6534    i.TIM_ETRClockMode1Config  hal_tim.o
    0x080016a8   0x080016a8   0x0000002c   Code   RO         6536    i.TIM_ETRConfig     hal_tim.o
    0x080016d4   0x080016d4   0x0000000c   Code   RO         6587    i.TIM_SelectInputTrigger  hal_tim.o
    0x080016e0   0x080016e0   0x0000000c   Code   RO         6588    i.TIM_SelectMasterSlaveMode  hal_tim.o
    0x080016ec   0x080016ec   0x0000000c   Code   RO         6592    i.TIM_SelectSlaveMode  hal_tim.o
    0x080016f8   0x080016f8   0x00000078   Code   RO         6615    i.TIM_TimeBaseInit  hal_tim.o
    0x08001770   0x08001770   0x0000003c   Code   RO           31    i.UART1_IRQHandler  isr.o
    0x080017ac   0x080017ac   0x0000003c   Code   RO           32    i.UART2_IRQHandler  isr.o
    0x080017e8   0x080017e8   0x000000b4   Code   RO           33    i.UART3_IRQHandler  isr.o
    0x0800189c   0x0800189c   0x0000003c   Code   RO           34    i.UART4_IRQHandler  isr.o
    0x080018d8   0x080018d8   0x00000034   Code   RO           35    i.UART5_IRQHandler  isr.o
    0x0800190c   0x0800190c   0x0000003c   Code   RO           36    i.UART6_IRQHandler  isr.o
    0x08001948   0x08001948   0x0000003c   Code   RO           37    i.UART7_IRQHandler  isr.o
    0x08001984   0x08001984   0x00000060   Code   RO           38    i.UART8_IRQHandler  isr.o
    0x080019e4   0x080019e4   0x00000004   Code   RO          992    i.UsageFault_Handler  common.o
    0x080019e8   0x080019e8   0x0000000e   Code   RO         7593    i.__scatterload_copy  mc_w.l(handlers.o)
    0x080019f6   0x080019f6   0x00000002   Code   RO         7594    i.__scatterload_null  mc_w.l(handlers.o)
    0x080019f8   0x080019f8   0x0000000e   Code   RO         7595    i.__scatterload_zeroinit  mc_w.l(handlers.o)
    0x08001a06   0x08001a06   0x00000002   PAD
    0x08001a08   0x08001a08   0x00000068   Code   RO         1221    i.adc_convert       zf_adc.o
    0x08001a70   0x08001a70   0x0000004c   Code   RO          615    i.adc_extreme       eident.o
    0x08001abc   0x08001abc   0x00000104   Code   RO         1222    i.adc_init          zf_adc.o
    0x08001bc0   0x08001bc0   0x000002a8   Code   RO          616    i.adc_jug           eident.o
    0x08001e68   0x08001e68   0x0000001a   Code   RO         1224    i.adc_pin_init      zf_adc.o
    0x08001e82   0x08001e82   0x00000002   PAD
    0x08001e84   0x08001e84   0x0000011c   Code   RO          617    i.adc_suminus       eident.o
    0x08001fa0   0x08001fa0   0x000000e4   Code   RO         1419    i.afio_init         zf_gpio.o
    0x08002084   0x08002084   0x00000018   Code   RO          954    i.board_init        board.o
    0x0800209c   0x0800209c   0x0000007a   Code   RO         1268    i.camera_dma_init   zf_camera.o
    0x08002116   0x08002116   0x00000002   PAD
    0x08002118   0x08002118   0x00000100   Code   RO         1269    i.camera_tim_etr_init  zf_camera.o
    0x08002218   0x08002218   0x00000068   Code   RO          854    i.core_select       init.o
    0x08002280   0x08002280   0x00000018   Code   RO          618    i.cross_road        eident.o
    0x08002298   0x08002298   0x00000160   Code   RO          893    i.drawMidLine       cam.o
    0x080023f8   0x080023f8   0x0000007c   Code   RO          855    i.eident_init       init.o
    0x08002474   0x08002474   0x000000d4   Code   RO         1303    i.exti_interrupt_init  zf_exti.o
    0x08002548   0x08002548   0x000001bc   Code   RO          894    i.findLeftPoint     cam.o
    0x08002704   0x08002704   0x000001a0   Code   RO          895    i.findRightPoint    cam.o
    0x080028a4   0x080028a4   0x0000010c   Code   RO          756    i.fixed_monitor     menu_2.o
    0x080029b0   0x080029b0   0x00000058   Code   RO         1395    i.fsmc_init         zf_fsmc.o
    0x08002a08   0x08002a08   0x00000068   Code   RO         2855    i.get_config        seekfree_mt9v03x.o
    0x08002a70   0x08002a70   0x00000024   Code   RO         1421    i.gpio_get          zf_gpio.o
    0x08002a94   0x08002a94   0x0000014c   Code   RO         1422    i.gpio_init         zf_gpio.o
    0x08002be0   0x08002be0   0x00000640   Code   RO          712    i.info              menu.o
    0x08003220   0x08003220   0x00000a2c   Code   RO          757    i.info              menu_2.o
    0x08003c4c   0x08003c4c   0x00000300   Code   RO          758    i.info_found        menu_2.o
    0x08003f4c   0x08003f4c   0x00000036   Code   RO         2478    i.ips200_address_set  seekfree_ips200_parallel8.o
    0x08003f82   0x08003f82   0x00000034   Code   RO         2479    i.ips200_clear      seekfree_ips200_parallel8.o
    0x08003fb6   0x08003fb6   0x000000a4   Code   RO         2480    i.ips200_display_chinese  seekfree_ips200_parallel8.o
    0x0800405a   0x0800405a   0x0000008e   Code   RO         2481    i.ips200_displayimage032  seekfree_ips200_parallel8.o
    0x080040e8   0x080040e8   0x0000001c   Code   RO         2488    i.ips200_drawpoint  seekfree_ips200_parallel8.o
    0x08004104   0x08004104   0x00000268   Code   RO         2489    i.ips200_init       seekfree_ips200_parallel8.o
    0x0800436c   0x0800436c   0x00000078   Code   RO         2490    i.ips200_showchar   seekfree_ips200_parallel8.o
    0x080043e4   0x080043e4   0x000000bc   Code   RO         2491    i.ips200_showfloat  seekfree_ips200_parallel8.o
    0x080044a0   0x080044a0   0x000000be   Code   RO         2493    i.ips200_showint16  seekfree_ips200_parallel8.o
    0x0800455e   0x0800455e   0x0000002e   Code   RO         2496    i.ips200_showstr    seekfree_ips200_parallel8.o
    0x0800458c   0x0800458c   0x00000090   Code   RO         2497    i.ips200_showuint16  seekfree_ips200_parallel8.o
    0x0800461c   0x0800461c   0x00000064   Code   RO         2498    i.ips200_showuint8  seekfree_ips200_parallel8.o
    0x08004680   0x08004680   0x0000000c   Code   RO         2499    i.ips200_w_data     seekfree_ips200_parallel8.o
    0x0800468c   0x0800468c   0x00000040   Code   RO         2501    i.ips200_wr_data    seekfree_ips200_parallel8.o
    0x080046cc   0x080046cc   0x00000068   Code   RO         2502    i.ips200_wr_data16  seekfree_ips200_parallel8.o
    0x08004734   0x08004734   0x00000040   Code   RO         2503    i.ips200_wr_reg     seekfree_ips200_parallel8.o
    0x08004774   0x08004774   0x00000074   Code   RO          543    i.main              main.o
    0x080047e8   0x080047e8   0x000004d8   Code   RO          759    i.menu2_display     menu_2.o
    0x08004cc0   0x08004cc0   0x00000178   Code   RO          760    i.menu2_init        menu_2.o
    0x08004e38   0x08004e38   0x00000288   Code   RO          761    i.menu2_select      menu_2.o
    0x080050c0   0x080050c0   0x0000009c   Code   RO          762    i.menu2value        menu_2.o
    0x0800515c   0x0800515c   0x00000300   Code   RO          763    i.menu2value_hl     menu_2.o
    0x0800545c   0x0800545c   0x00000208   Code   RO          764    i.menu2value_sup    menu_2.o
    0x08005664   0x08005664   0x00000158   Code   RO          713    i.menu_display      menu.o
    0x080057bc   0x080057bc   0x00000040   Code   RO          714    i.menu_limit        menu.o
    0x080057fc   0x080057fc   0x000000d0   Code   RO          715    i.menu_select       menu.o
    0x080058cc   0x080058cc   0x000002b8   Code   RO          765    i.modify            menu_2.o
    0x08005b84   0x08005b84   0x00000110   Code   RO          766    i.monitor           menu_2.o
    0x08005c94   0x08005c94   0x00000020   Code   RO         2857    i.mt9v03x_dma       seekfree_mt9v03x.o
    0x08005cb4   0x08005cb4   0x00000050   Code   RO         2858    i.mt9v03x_dma_init  seekfree_mt9v03x.o
    0x08005d04   0x08005d04   0x00000028   Code   RO         2859    i.mt9v03x_exti_init  seekfree_mt9v03x.o
    0x08005d2c   0x08005d2c   0x0000007c   Code   RO         2860    i.mt9v03x_init      seekfree_mt9v03x.o
    0x08005da8   0x08005da8   0x0000000c   Code   RO         2861    i.mt9v03x_tim1_etr_init  seekfree_mt9v03x.o
    0x08005db4   0x08005db4   0x00000054   Code   RO         2862    i.mt9v03x_uart_callback  seekfree_mt9v03x.o
    0x08005e08   0x08005e08   0x00000018   Code   RO         2863    i.mt9v03x_vsync     seekfree_mt9v03x.o
    0x08005e20   0x08005e20   0x00000088   Code   RO         1076    i.number_conversion_ascii  seekfree_printf.o
    0x08005ea8   0x08005ea8   0x00000024   Code   RO          993    i.nvic_init         common.o
    0x08005ecc   0x08005ecc   0x000001e8   Code   RO          898    i.otsu              cam.o
    0x080060b4   0x080060b4   0x00000054   Code   RO         3121    i.ov7725_cof_uart_interrupt  seekfree_uart_7725.o
    0x08006108   0x08006108   0x00000020   Code   RO         1974    i.ov7725_dma        seekfree_7725.o
    0x08006128   0x08006128   0x00000020   Code   RO         3125    i.ov7725_uart_dma   seekfree_uart_7725.o
    0x08006148   0x08006148   0x00000018   Code   RO         3131    i.ov7725_uart_vsync  seekfree_uart_7725.o
    0x08006160   0x08006160   0x00000018   Code   RO         1987    i.ov7725_vsync      seekfree_7725.o
    0x08006178   0x08006178   0x00000068   Code   RO          676    i.pos_pid           pid.o
    0x080061e0   0x080061e0   0x00000022   Code   RO         1077    i.printf_reverse_order  seekfree_printf.o
    0x08006202   0x08006202   0x00000002   PAD
    0x08006204   0x08006204   0x00000078   Code   RO         2865    i.set_config        seekfree_mt9v03x.o
    0x0800627c   0x0800627c   0x000000c4   Code   RO          619    i.single_ch_filter  eident.o
    0x08006340   0x08006340   0x0000021c   Code   RO          767    i.swdisplay         menu_2.o
    0x0800655c   0x0800655c   0x00000094   Code   RO          768    i.swmode            menu_2.o
    0x080065f0   0x080065f0   0x00000026   Code   RO         1615    i.systick_delay     zf_systick.o
    0x08006616   0x08006616   0x00000002   PAD
    0x08006618   0x08006618   0x00000028   Code   RO         1616    i.systick_delay_ms  zf_systick.o
    0x08006640   0x08006640   0x00000024   Code   RO         1479    i.tim_interrupt_disabnle  zf_pit.o
    0x08006664   0x08006664   0x000000ec   Code   RO         1481    i.tim_interrupt_init  zf_pit.o
    0x08006750   0x08006750   0x000000f8   Code   RO         1482    i.tim_interrupt_init_ms  zf_pit.o
    0x08006848   0x08006848   0x00000024   Code   RO         1738    i.uart_getchar      zf_uart.o
    0x0800686c   0x0800686c   0x00000194   Code   RO         1739    i.uart_init         zf_uart.o
    0x08006a00   0x08006a00   0x00000024   Code   RO         1740    i.uart_pin_init     zf_uart.o
    0x08006a24   0x08006a24   0x00000030   Code   RO         1741    i.uart_putbuff      zf_uart.o
    0x08006a54   0x08006a54   0x00000020   Code   RO         1742    i.uart_putchar      zf_uart.o
    0x08006a74   0x08006a74   0x0000004c   Code   RO         1745    i.uart_rx_irq       zf_uart.o
    0x08006ac0   0x08006ac0   0x000002e4   Code   RO         1078    i.zf_sprintf        seekfree_printf.o
    0x08006da4   0x08006da4   0x00001b88   Data   RO         2143    .constdata          seekfree_font.o
    0x0800892c   0x0800892c   0x00000020   Data   RO         7591    Region$$Table       anon$$obj.o


    Execution Region RW_IRAM1 (Exec base: 0x20000000, Load base: 0x0800894c, Size: 0x000078b8, Max: 0x00020000, ABSOLUTE, COMPRESSED[0x000000d0])

    Exec Addr    Load Addr    Size         Type   Attr      Idx    E Section Name        Object

    0x20000000   COMPRESSED   0x0000006e   Data   RW          573    .data               data.o
    0x2000006e   COMPRESSED   0x00000006   Data   RW          620    .data               eident.o
    0x20000074   COMPRESSED   0x0000003c   Data   RW          769    .data               menu_2.o
    0x200000b0   COMPRESSED   0x00000004   Data   RW          900    .data               cam.o
    0x200000b4   COMPRESSED   0x00000008   Data   RW          996    .data               common.o
    0x200000bc   COMPRESSED   0x00000014   Data   RW         1171    .data               system_mm32f327x.o
    0x200000d0   COMPRESSED   0x0000000f   Data   RW         1225    .data               zf_adc.o
    0x200000df   COMPRESSED   0x00000001   PAD
    0x200000e0   COMPRESSED   0x00000020   Data   RW         1425    .data               zf_gpio.o
    0x20000100   COMPRESSED   0x00000020   Data   RW         1675    .data               zf_tim.o
    0x20000120   COMPRESSED   0x00000028   Data   RW         1747    .data               zf_uart.o
    0x20000148   COMPRESSED   0x00000004   Data   RW         1989    .data               seekfree_7725.o
    0x2000014c   COMPRESSED   0x00000004   Data   RW         2504    .data               seekfree_ips200_parallel8.o
    0x20000150   COMPRESSED   0x0000004a   Data   RW         2869    .data               seekfree_mt9v03x.o
    0x2000019a   COMPRESSED   0x00000033   Data   RW         3134    .data               seekfree_uart_7725.o
    0x200001cd   COMPRESSED   0x00000003   PAD
    0x200001d0        -       0x00003fa8   Zero   RW          572    .bss                data.o
    0x20004178        -       0x00000140   Zero   RW          899    .bss                cam.o
    0x200042b8        -       0x00003200   Zero   RW         2868    .bss                seekfree_mt9v03x.o
    0x200074b8        -       0x00000400   Zero   RW         1211    STACK               startup_mm32f327x_keil.o


==============================================================================

Image component sizes


      Code (inc. data)   RO Data    RW Data    ZI Data      Debug   Object Name

        24          0          0          0          0        553   board.o
      1700        142          0          4        320       5123   cam.o
        68          0          0          8          0       7619   common.o
       164         54          0        110      16296       6120   data.o
      1260         90          0          6          0       4218   eident.o
       268         26          0          0          0       7697   hal_dma.o
       336         20          0          0          0       5500   hal_exti.o
       348         12          0          0          0       2912   hal_fsmc.o
       108         12          0          0          0       1136   hal_misc.o
       128         24          0          0          0       2347   hal_rcc.o
       272         22          0          0          0      12451   hal_tim.o
       304         54          0          0          0       1398   init.o
      1848        244          0          0          0     145488   isr.o
       116          6          0          0          0        491   main.o
      2216        714          0          0          0       3685   menu.o
      9004       2084          0         60          0      12239   menu_2.o
       104          0          0          0          0       1250   pid.o
        56         14          0          4          0       1958   seekfree_7725.o
         0          0       7048          0          0       1057   seekfree_font.o
      2088         44          0          4          0      13028   seekfree_ips200_parallel8.o
       620         86          0         74      12800       6290   seekfree_mt9v03x.o
       910          4          0          0          0      16299   seekfree_printf.o
       140         32          0         51          0       2760   seekfree_uart_7725.o
        36          8        400          0       1024        872   startup_mm32f327x_keil.o
       710         54          0         20          0       4252   system_mm32f327x.o
       390         22          0         15          0       3932   zf_adc.o
       378          4          0          0          0       1988   zf_camera.o
       212          6          0          0          0        890   zf_exti.o
        88          0          0          0          0        624   zf_fsmc.o
       596         24          0         32          0       4052   zf_gpio.o
       520         48          0          0          0       2322   zf_pit.o
        78          6          0          0          0       1071   zf_systick.o
         0          0          0         32          0        728   zf_tim.o
       632         46          0         40          0       5657   zf_uart.o

    ----------------------------------------------------------------------
     25734       3902       7480        464      30440     288007   Object Totals
         0          0         32          0          0          0   (incl. Generated)
        12          0          0          4          0          0   (incl. Padding)

    ----------------------------------------------------------------------

      Code (inc. data)   RO Data    RW Data    ZI Data      Debug   Library Member Name

        86          0          0          0          0          0   __dczerorl2.o
         0          0          0          0          0          0   entry.o
         0          0          0          0          0          0   entry10a.o
         0          0          0          0          0          0   entry11a.o
         8          4          0          0          0          0   entry2.o
         4          0          0          0          0          0   entry5.o
         0          0          0          0          0          0   entry7b.o
         0          0          0          0          0          0   entry8b.o
         8          4          0          0          0          0   entry9a.o
        30          0          0          0          0          0   handlers.o
        36          8          0          0          0         68   init.o
         0          0          0          0          0          0   iusefp.o
        30          0          0          0          0         68   llshl.o
        36          0          0          0          0         68   llsshr.o
        32          0          0          0          0         68   llushr.o
        36          0          0          0          0         68   memcpya.o
        36          0          0          0          0        108   memseta.o
        48          0          0          0          0         68   cdcmple.o
        48          0          0          0          0         68   cdrcmple.o
        20          0          0          0          0         68   cfrcmple.o
       334          0          0          0          0        148   dadd.o
       186          0          0          0          0        176   depilogue.o
        62          0          0          0          0         80   dfixi.o
        34          0          0          0          0         76   dflti.o
       228          0          0          0          0         96   dmul.o
        38          0          0          0          0         68   f2d.o
       176          0          0          0          0        140   fadd.o
       124          0          0          0          0         88   fdiv.o
       110          0          0          0          0        168   fepilogue.o
        50          0          0          0          0         68   ffixi.o
        18          0          0          0          0         68   fflti.o
        10          0          0          0          0         68   ffltui.o
       100          0          0          0          0         76   fmul.o

    ----------------------------------------------------------------------
      1934         16          0          0          0       1972   Library Totals
         6          0          0          0          0          0   (incl. Padding)

    ----------------------------------------------------------------------

      Code (inc. data)   RO Data    RW Data    ZI Data      Debug   Library Name

       342         16          0          0          0        448   mc_w.l
      1586          0          0          0          0       1524   mf_w.l

    ----------------------------------------------------------------------
      1934         16          0          0          0       1972   Library Totals

    ----------------------------------------------------------------------

==============================================================================


      Code (inc. data)   RO Data    RW Data    ZI Data      Debug   

     27668       3918       7480        464      30440     280955   Grand Totals
     27668       3918       7480        208      30440     280955   ELF Image Totals (compressed)
     27668       3918       7480        208          0          0   ROM Totals

==============================================================================

    Total RO  Size (Code + RO Data)                35148 (  34.32kB)
    Total RW  Size (RW Data + ZI Data)             30904 (  30.18kB)
    Total ROM Size (Code + RO Data + RW Data)      35356 (  34.53kB)

==============================================================================

